Archive member included to satisfy reference by file (symbol)

/opt/st/stm32cubeide_2.1.1/plugins/com.st.stm32cube.ide.mcu.externaltools.gnu-tools-for-stm32.14.3.rel1.linux64_1.0.100.202602081740/tools/bin/../lib/gcc/arm-none-eabi/14.3.1/../../../../arm-none-eabi/lib/thumb/v7e-m+fp/hard/libc_nano.a(libc_a-exit.o)
                              /opt/st/stm32cubeide_2.1.1/plugins/com.st.stm32cube.ide.mcu.externaltools.gnu-tools-for-stm32.14.3.rel1.linux64_1.0.100.202602081740/tools/bin/../lib/gcc/arm-none-eabi/14.3.1/../../../../arm-none-eabi/lib/thumb/v7e-m+fp/hard/crt0.o (exit)
/opt/st/stm32cubeide_2.1.1/plugins/com.st.stm32cube.ide.mcu.externaltools.gnu-tools-for-stm32.14.3.rel1.linux64_1.0.100.202602081740/tools/bin/../lib/gcc/arm-none-eabi/14.3.1/../../../../arm-none-eabi/lib/thumb/v7e-m+fp/hard/libc_nano.a(libc_a-findfp.o)
                              /opt/st/stm32cubeide_2.1.1/plugins/com.st.stm32cube.ide.mcu.externaltools.gnu-tools-for-stm32.14.3.rel1.linux64_1.0.100.202602081740/tools/bin/../lib/gcc/arm-none-eabi/14.3.1/../../../../arm-none-eabi/lib/thumb/v7e-m+fp/hard/libc_nano.a(libc_a-exit.o) (__stdio_exit_handler)
/opt/st/stm32cubeide_2.1.1/plugins/com.st.stm32cube.ide.mcu.externaltools.gnu-tools-for-stm32.14.3.rel1.linux64_1.0.100.202602081740/tools/bin/../lib/gcc/arm-none-eabi/14.3.1/../../../../arm-none-eabi/lib/thumb/v7e-m+fp/hard/libc_nano.a(libc_a-fwalk.o)
                              /opt/st/stm32cubeide_2.1.1/plugins/com.st.stm32cube.ide.mcu.externaltools.gnu-tools-for-stm32.14.3.rel1.linux64_1.0.100.202602081740/tools/bin/../lib/gcc/arm-none-eabi/14.3.1/../../../../arm-none-eabi/lib/thumb/v7e-m+fp/hard/libc_nano.a(libc_a-findfp.o) (_fwalk_sglue)
/opt/st/stm32cubeide_2.1.1/plugins/com.st.stm32cube.ide.mcu.externaltools.gnu-tools-for-stm32.14.3.rel1.linux64_1.0.100.202602081740/tools/bin/../lib/gcc/arm-none-eabi/14.3.1/../../../../arm-none-eabi/lib/thumb/v7e-m+fp/hard/libc_nano.a(libc_a-stdio.o)
                              /opt/st/stm32cubeide_2.1.1/plugins/com.st.stm32cube.ide.mcu.externaltools.gnu-tools-for-stm32.14.3.rel1.linux64_1.0.100.202602081740/tools/bin/../lib/gcc/arm-none-eabi/14.3.1/../../../../arm-none-eabi/lib/thumb/v7e-m+fp/hard/libc_nano.a(libc_a-findfp.o) (__sread)
/opt/st/stm32cubeide_2.1.1/plugins/com.st.stm32cube.ide.mcu.externaltools.gnu-tools-for-stm32.14.3.rel1.linux64_1.0.100.202602081740/tools/bin/../lib/gcc/arm-none-eabi/14.3.1/../../../../arm-none-eabi/lib/thumb/v7e-m+fp/hard/libc_nano.a(libc_a-memset.o)
                              /opt/st/stm32cubeide_2.1.1/plugins/com.st.stm32cube.ide.mcu.externaltools.gnu-tools-for-stm32.14.3.rel1.linux64_1.0.100.202602081740/tools/bin/../lib/gcc/arm-none-eabi/14.3.1/../../../../arm-none-eabi/lib/thumb/v7e-m+fp/hard/crt0.o (memset)
/opt/st/stm32cubeide_2.1.1/plugins/com.st.stm32cube.ide.mcu.externaltools.gnu-tools-for-stm32.14.3.rel1.linux64_1.0.100.202602081740/tools/bin/../lib/gcc/arm-none-eabi/14.3.1/../../../../arm-none-eabi/lib/thumb/v7e-m+fp/hard/libc_nano.a(libc_a-closer.o)
                              /opt/st/stm32cubeide_2.1.1/plugins/com.st.stm32cube.ide.mcu.externaltools.gnu-tools-for-stm32.14.3.rel1.linux64_1.0.100.202602081740/tools/bin/../lib/gcc/arm-none-eabi/14.3.1/../../../../arm-none-eabi/lib/thumb/v7e-m+fp/hard/libc_nano.a(libc_a-stdio.o) (_close_r)
/opt/st/stm32cubeide_2.1.1/plugins/com.st.stm32cube.ide.mcu.externaltools.gnu-tools-for-stm32.14.3.rel1.linux64_1.0.100.202602081740/tools/bin/../lib/gcc/arm-none-eabi/14.3.1/../../../../arm-none-eabi/lib/thumb/v7e-m+fp/hard/libc_nano.a(libc_a-reent.o)
                              /opt/st/stm32cubeide_2.1.1/plugins/com.st.stm32cube.ide.mcu.externaltools.gnu-tools-for-stm32.14.3.rel1.linux64_1.0.100.202602081740/tools/bin/../lib/gcc/arm-none-eabi/14.3.1/../../../../arm-none-eabi/lib/thumb/v7e-m+fp/hard/libc_nano.a(libc_a-closer.o) (errno)
/opt/st/stm32cubeide_2.1.1/plugins/com.st.stm32cube.ide.mcu.externaltools.gnu-tools-for-stm32.14.3.rel1.linux64_1.0.100.202602081740/tools/bin/../lib/gcc/arm-none-eabi/14.3.1/../../../../arm-none-eabi/lib/thumb/v7e-m+fp/hard/libc_nano.a(libc_a-impure.o)
                              /opt/st/stm32cubeide_2.1.1/plugins/com.st.stm32cube.ide.mcu.externaltools.gnu-tools-for-stm32.14.3.rel1.linux64_1.0.100.202602081740/tools/bin/../lib/gcc/arm-none-eabi/14.3.1/../../../../arm-none-eabi/lib/thumb/v7e-m+fp/hard/libc_nano.a(libc_a-reent.o) (_impure_ptr)
/opt/st/stm32cubeide_2.1.1/plugins/com.st.stm32cube.ide.mcu.externaltools.gnu-tools-for-stm32.14.3.rel1.linux64_1.0.100.202602081740/tools/bin/../lib/gcc/arm-none-eabi/14.3.1/../../../../arm-none-eabi/lib/thumb/v7e-m+fp/hard/libc_nano.a(libc_a-lseekr.o)
                              /opt/st/stm32cubeide_2.1.1/plugins/com.st.stm32cube.ide.mcu.externaltools.gnu-tools-for-stm32.14.3.rel1.linux64_1.0.100.202602081740/tools/bin/../lib/gcc/arm-none-eabi/14.3.1/../../../../arm-none-eabi/lib/thumb/v7e-m+fp/hard/libc_nano.a(libc_a-stdio.o) (_lseek_r)
[...]
Memory Configuration

Name             Origin             Length             Attributes
RAM              0x20000000         0x00020000         xrw
FLASH            0x08000000         0x00080000         xr
*default*        0x00000000         0xffffffff

Linker script and memory map

LOAD /opt/st/stm32cubeide_2.1.1/plugins/com.st.stm32cube.ide.mcu.externaltools.gnu-tools-for-stm32.14.3.rel1.linux64_1.0.100.202602081740/tools/bin/../lib/gcc/arm-none-eabi/14.3.1/thumb/v7e-m+fp/hard/crti.o
LOAD /opt/st/stm32cubeide_2.1.1/plugins/com.st.stm32cube.ide.mcu.externaltools.gnu-tools-for-stm32.14.3.rel1.linux64_1.0.100.202602081740/tools/bin/../lib/gcc/arm-none-eabi/14.3.1/thumb/v7e-m+fp/hard/crtbegin.o
LOAD /opt/st/stm32cubeide_2.1.1/plugins/com.st.stm32cube.ide.mcu.externaltools.gnu-tools-for-stm32.14.3.rel1.linux64_1.0.100.202602081740/tools/bin/../lib/gcc/arm-none-eabi/14.3.1/../../../../arm-none-eabi/lib/thumb/v7e-m+fp/hard/crt0.o
LOAD ./Core/Src/main.o
LOAD ./Core/Src/stm32f4xx_hal_msp.o
LOAD ./Core/Src/stm32f4xx_it.o
LOAD ./Core/Src/syscalls.o
LOAD ./Core/Src/sysmem.o
LOAD ./Core/Src/system_stm32f4xx.o
LOAD ./Core/Startup/startup_stm32f411ceux.o
LOAD ./Drivers/STM32F4xx_HAL_Driver/Src/stm32f4xx_hal.o
LOAD ./Drivers/STM32F4xx_HAL_Driver/Src/stm32f4xx_hal_cortex.o
LOAD ./Drivers/STM32F4xx_HAL_Driver/Src/stm32f4xx_hal_dma.o
LOAD ./Drivers/STM32F4xx_HAL_Driver/Src/stm32f4xx_hal_dma_ex.o
LOAD ./Drivers/STM32F4xx_HAL_Driver/Src/stm32f4xx_hal_exti.o
LOAD ./Drivers/STM32F4xx_HAL_Driver/Src/stm32f4xx_hal_flash.o
LOAD ./Drivers/STM32F4xx_HAL_Driver/Src/stm32f4xx_hal_flash_ex.o
LOAD ./Drivers/STM32F4xx_HAL_Driver/Src/stm32f4xx_hal_flash_ramfunc.o
LOAD ./Drivers/STM32F4xx_HAL_Driver/Src/stm32f4xx_hal_gpio.o
LOAD ./Drivers/STM32F4xx_HAL_Driver/Src/stm32f4xx_hal_i2s.o
LOAD ./Drivers/STM32F4xx_HAL_Driver/Src/stm32f4xx_hal_i2s_ex.o
LOAD ./Drivers/STM32F4xx_HAL_Driver/Src/stm32f4xx_hal_pcd.o
LOAD ./Drivers/STM32F4xx_HAL_Driver/Src/stm32f4xx_hal_pcd_ex.o
LOAD ./Drivers/STM32F4xx_HAL_Driver/Src/stm32f4xx_hal_pwr.o
LOAD ./Drivers/STM32F4xx_HAL_Driver/Src/stm32f4xx_hal_pwr_ex.o
LOAD ./Drivers/STM32F4xx_HAL_Driver/Src/stm32f4xx_hal_rcc.o
LOAD ./Drivers/STM32F4xx_HAL_Driver/Src/stm32f4xx_hal_rcc_ex.o
LOAD ./Drivers/STM32F4xx_HAL_Driver/Src/stm32f4xx_ll_usb.o
LOAD ./Middlewares/ST/STM32_USB_Device_Library/Class/AUDIO/Src/usbd_audio.o
LOAD ./Middlewares/ST/STM32_USB_Device_Library/Core/Src/usbd_core.o
LOAD ./Middlewares/ST/STM32_USB_Device_Library/Core/Src/usbd_ctlreq.o
LOAD ./Middlewares/ST/STM32_USB_Device_Library/Core/Src/usbd_ioreq.o
LOAD ./USB_DEVICE/App/usb_device.o
LOAD ./USB_DEVICE/App/usbd_audio_if.o
LOAD ./USB_DEVICE/App/usbd_desc.o
LOAD ./USB_DEVICE/Target/usbd_conf.o
START GROUP
LOAD /opt/st/stm32cubeide_2.1.1/plugins/com.st.stm32cube.ide.mcu.externaltools.gnu-tools-for-stm32.14.3.rel1.linux64_1.0.100.202602081740/tools/bin/../lib/gcc/arm-none-eabi/14.3.1/../../../../arm-none-eabi/lib/thumb/v7e-m+fp/hard/libc_nano.a
LOAD /opt/st/stm32cubeide_2.1.1/plugins/com.st.stm32cube.ide.mcu.externaltools.gnu-tools-for-stm32.14.3.rel1.linux64_1.0.100.202602081740/tools/bin/../lib/gcc/arm-none-eabi/14.3.1/../../../../arm-none-eabi/lib/thumb/v7e-m+fp/hard/libm.a
END GROUP
START GROUP
LOAD /opt/st/stm32cubeide_2.1.1/plugins/com.st.stm32cube.ide.mcu.externaltools.gnu-tools-for-stm32.14.3.rel1.linux64_1.0.100.202602081740/tools/bin/../lib/gcc/arm-none-eabi/14.3.1/thumb/v7e-m+fp/hard/libgcc.a
LOAD /opt/st/stm32cubeide_2.1.1/plugins/com.st.stm32cube.ide.mcu.externaltools.gnu-tools-for-stm32.14.3.rel1.linux64_1.0.100.202602081740/tools/bin/../lib/gcc/arm-none-eabi/14.3.1/../../../../arm-none-eabi/lib/thumb/v7e-m+fp/hard/libc_nano.a
END GROUP
START GROUP
LOAD /opt/st/stm32cubeide_2.1.1/plugins/com.st.stm32cube.ide.mcu.externaltools.gnu-tools-for-stm32.14.3.rel1.linux64_1.0.100.202602081740/tools/bin/../lib/gcc/arm-none-eabi/14.3.1/thumb/v7e-m+fp/hard/libgcc.a
LOAD /opt/st/stm32cubeide_2.1.1/plugins/com.st.stm32cube.ide.mcu.externaltools.gnu-tools-for-stm32.14.3.rel1.linux64_1.0.100.202602081740/tools/bin/../lib/gcc/arm-none-eabi/14.3.1/../../../../arm-none-eabi/lib/thumb/v7e-m+fp/hard/libc_nano.a
LOAD /opt/st/stm32cubeide_2.1.1/plugins/com.st.stm32cube.ide.mcu.externaltools.gnu-tools-for-stm32.14.3.rel1.linux64_1.0.100.202602081740/tools/bin/../lib/gcc/arm-none-eabi/14.3.1/../../../../arm-none-eabi/lib/thumb/v7e-m+fp/hard/libnosys.a
END GROUP
START GROUP
LOAD /opt/st/stm32cubeide_2.1.1/plugins/com.st.stm32cube.ide.mcu.externaltools.gnu-tools-for-stm32.14.3.rel1.linux64_1.0.100.202602081740/tools/bin/../lib/gcc/arm-none-eabi/14.3.1/thumb/v7e-m+fp/hard/libgcc.a
LOAD /opt/st/stm32cubeide_2.1.1/plugins/com.st.stm32cube.ide.mcu.externaltools.gnu-tools-for-stm32.14.3.rel1.linux64_1.0.100.202602081740/tools/bin/../lib/gcc/arm-none-eabi/14.3.1/../../../../arm-none-eabi/lib/thumb/v7e-m+fp/hard/libc_nano.a
LOAD /opt/st/stm32cubeide_2.1.1/plugins/com.st.stm32cube.ide.mcu.externaltools.gnu-tools-for-stm32.14.3.rel1.linux64_1.0.100.202602081740/tools/bin/../lib/gcc/arm-none-eabi/14.3.1/../../../../arm-none-eabi/lib/thumb/v7e-m+fp/hard/libnosys.a
END GROUP
LOAD /opt/st/stm32cubeide_2.1.1/plugins/com.st.stm32cube.ide.mcu.externaltools.gnu-tools-for-stm32.14.3.rel1.linux64_1.0.100.202602081740/tools/bin/../lib/gcc/arm-none-eabi/14.3.1/thumb/v7e-m+fp/hard/crtend.o
LOAD /opt/st/stm32cubeide_2.1.1/plugins/com.st.stm32cube.ide.mcu.externaltools.gnu-tools-for-stm32.14.3.rel1.linux64_1.0.100.202602081740/tools/bin/../lib/gcc/arm-none-eabi/14.3.1/thumb/v7e-m+fp/hard/crtn.o
                0x20020000                        _estack = (ORIGIN (RAM) + LENGTH (RAM))
                0x00000200                        _Min_Heap_Size = 0x200
                0x00000400                        _Min_Stack_Size = 0x400

.isr_vector     0x08000000      0x198
                0x08000000                        . = ALIGN (0x4)
 *(.isr_vector)
 .isr_vector    0x08000000      0x198 ./Core/Startup/startup_stm32f411ceux.o
                0x08000000                g_pfnVectors
                0x08000198                        . = ALIGN (0x4)

.text           0x08000198     0x7c94
                0x08000198                        . = ALIGN (0x4)
 *(.text)
 .text          0x08000198       0x40 /opt/st/stm32cubeide_2.1.1/plugins/com.st.stm32cube.ide.mcu.externaltools.gnu-tools-for-stm32.14.3.rel1.linux64_1.0.100.202602081740/tools/bin/../lib/gcc/arm-none-eabi/14.3.1/thumb/v7e-m+fp/hard/crtbegin.o
 .text          0x080001d8       0x30 /opt/st/stm32cubeide_2.1.1/plugins/com.st.stm32cube.ide.mcu.externaltools.gnu-tools-for-stm32.14.3.rel1.linux64_1.0.100.202602081740/tools/bin/../lib/gcc/arm-none-eabi/14.3.1/thumb/v7e-m+fp/hard/libgcc.a(_aeabi_uldivmod.o)
                0x080001d8                __aeabi_uldivmod
 .text          0x08000208      0x2f8 /opt/st/stm32cubeide_2.1.1/plugins/com.st.stm32cube.ide.mcu.externaltools.gnu-tools-for-stm32.14.3.rel1.linux64_1.0.100.202602081740/tools/bin/../lib/gcc/arm-none-eabi/14.3.1/thumb/v7e-m+fp/hard/libgcc.a(_udivmoddi4.o)
                0x08000208                __udivmoddi4
 .text          0x08000500        0x4 /opt/st/stm32cubeide_2.1.1/plugins/com.st.stm32cube.ide.mcu.externaltools.gnu-tools-for-stm32.14.3.rel1.linux64_1.0.100.202602081740/tools/bin/../lib/gcc/arm-none-eabi/14.3.1/thumb/v7e-m+fp/hard/libgcc.a(_dvmd_tls.o)
                0x08000500                __aeabi_ldiv0
                0x08000500                __aeabi_idiv0
 *(.text*)
 .text.main     0x08000504       0x34 ./Core/Src/main.o
                0x08000504                main
 .text.SystemClock_Config
                0x08000538       0xd0 ./Core/Src/main.o
                0x08000538                SystemClock_Config
 .text.MX_I2S1_Init
                0x08000608       0x5c ./Core/Src/main.o
 .text.MX_DMA_Init
                0x08000664       0x40 ./Core/Src/main.o
 .text.MX_GPIO_Init
                0x080006a4       0x50 ./Core/Src/main.o
 .text.HAL_I2S_RxHalfCpltCallback
                0x080006f4       0x58 ./Core/Src/main.o
                0x080006f4                HAL_I2S_RxHalfCpltCallback
 .text.HAL_I2S_RxCpltCallback
                0x0800074c       0x58 ./Core/Src/main.o
                0x0800074c                HAL_I2S_RxCpltCallback
 .text.Error_Handler
                0x080007a4        0xc ./Core/Src/main.o
                0x080007a4                Error_Handler
 .text.HAL_MspInit
                0x080007b0       0x50 ./Core/Src/stm32f4xx_hal_msp.o
                0x080007b0                HAL_MspInit
 .text.HAL_I2S_MspInit
                0x08000800      0x130 ./Core/Src/stm32f4xx_hal_msp.o
                0x08000800                HAL_I2S_MspInit
 .text.NMI_Handler
                0x08000930        0x8 ./Core/Src/stm32f4xx_it.o
                0x08000930                NMI_Handler
 .text.HardFault_Handler
                0x08000938        0x8 ./Core/Src/stm32f4xx_it.o
                0x08000938                HardFault_Handler
 .text.MemManage_Handler
                0x08000940        0x8 ./Core/Src/stm32f4xx_it.o
                0x08000940                MemManage_Handler
 .text.BusFault_Handler
                0x08000948        0x8 ./Core/Src/stm32f4xx_it.o
                0x08000948                BusFault_Handler
 .text.UsageFault_Handler
                0x08000950        0x8 ./Core/Src/stm32f4xx_it.o
                0x08000950                UsageFault_Handler
 .text.SVC_Handler
                0x08000958        0xe ./Core/Src/stm32f4xx_it.o
                0x08000958                SVC_Handler
 .text.DebugMon_Handler
                0x08000966        0xe ./Core/Src/stm32f4xx_it.o
                0x08000966                DebugMon_Handler
 .text.PendSV_Handler
                0x08000974        0xe ./Core/Src/stm32f4xx_it.o
                0x08000974                PendSV_Handler
 .text.SysTick_Handler
                0x08000982        0xc ./Core/Src/stm32f4xx_it.o
                0x08000982                SysTick_Handler
 *fill*         0x0800098e        0x2 
 .text.DMA2_Stream0_IRQHandler
                0x08000990       0x14 ./Core/Src/stm32f4xx_it.o
                0x08000990                DMA2_Stream0_IRQHandler
 .text.OTG_FS_IRQHandler
                0x080009a4       0x14 ./Core/Src/stm32f4xx_it.o
                0x080009a4                OTG_FS_IRQHandler
 .text.SystemInit
                0x080009b8       0x24 ./Core/Src/system_stm32f4xx.o
                0x080009b8                SystemInit
 .text.Reset_Handler
                0x080009dc       0x50 ./Core/Startup/startup_stm32f411ceux.o
                0x080009dc                Reset_Handler
 .text.Default_Handler
                0x08000a2c        0x2 ./Core/Startup/startup_stm32f411ceux.o
                0x08000a2c                RTC_Alarm_IRQHandler
                0x08000a2c                EXTI2_IRQHandler
                0x08000a2c                SPI4_IRQHandler
                0x08000a2c                TIM1_CC_IRQHandler
                0x08000a2c                DMA2_Stream5_IRQHandler
                0x08000a2c                DMA1_Stream5_IRQHandler
                0x08000a2c                PVD_IRQHandler
                0x08000a2c                SDIO_IRQHandler
                0x08000a2c                TAMP_STAMP_IRQHandler
                0x08000a2c                EXTI3_IRQHandler
                0x08000a2c                TIM1_UP_TIM10_IRQHandler
                0x08000a2c                I2C3_ER_IRQHandler
                0x08000a2c                EXTI0_IRQHandler
                0x08000a2c                I2C2_EV_IRQHandler
                0x08000a2c                DMA1_Stream2_IRQHandler
                0x08000a2c                FPU_IRQHandler
                0x08000a2c                DMA2_Stream2_IRQHandler
                0x08000a2c                SPI1_IRQHandler
                0x08000a2c                TIM1_BRK_TIM9_IRQHandler
                0x08000a2c                DMA2_Stream3_IRQHandler
                0x08000a2c                USART6_IRQHandler
                0x08000a2c                TIM4_IRQHandler
                0x08000a2c                I2C1_EV_IRQHandler
                0x08000a2c                DMA1_Stream6_IRQHandler
                0x08000a2c                DMA1_Stream1_IRQHandler
                0x08000a2c                TIM3_IRQHandler
                0x08000a2c                RCC_IRQHandler
                0x08000a2c                Default_Handler
                0x08000a2c                EXTI15_10_IRQHandler
                0x08000a2c                ADC_IRQHandler
                0x08000a2c                DMA1_Stream7_IRQHandler
                0x08000a2c                SPI5_IRQHandler
                0x08000a2c                TIM5_IRQHandler
                0x08000a2c                DMA2_Stream7_IRQHandler
                0x08000a2c                I2C3_EV_IRQHandler
                0x08000a2c                EXTI9_5_IRQHandler
                0x08000a2c                RTC_WKUP_IRQHandler
                0x08000a2c                SPI2_IRQHandler
                0x08000a2c                DMA1_Stream0_IRQHandler
                0x08000a2c                EXTI4_IRQHandler
                0x08000a2c                WWDG_IRQHandler
                0x08000a2c                TIM2_IRQHandler
                0x08000a2c                OTG_FS_WKUP_IRQHandler
                0x08000a2c                TIM1_TRG_COM_TIM11_IRQHandler
                0x08000a2c                EXTI1_IRQHandler
                0x08000a2c                USART2_IRQHandler
                0x08000a2c                I2C2_ER_IRQHandler
                0x08000a2c                DMA2_Stream1_IRQHandler
                0x08000a2c                FLASH_IRQHandler
                0x08000a2c                DMA2_Stream4_IRQHandler
                0x08000a2c                USART1_IRQHandler
                0x08000a2c                SPI3_IRQHandler
                0x08000a2c                DMA1_Stream4_IRQHandler
                0x08000a2c                I2C1_ER_IRQHandler
                0x08000a2c                DMA2_Stream6_IRQHandler
                0x08000a2c                DMA1_Stream3_IRQHandler
 *fill*         0x08000a2e        0x2 
 .text.HAL_Init
                0x08000a30       0x44 ./Drivers/STM32F4xx_HAL_Driver/Src/stm32f4xx_hal.o
                0x08000a30                HAL_Init
 .text.HAL_InitTick
                0x08000a74       0x60 ./Drivers/STM32F4xx_HAL_Driver/Src/stm32f4xx_hal.o
                0x08000a74                HAL_InitTick
 .text.HAL_IncTick
                0x08000ad4       0x28 ./Drivers/STM32F4xx_HAL_Driver/Src/stm32f4xx_hal.o
                0x08000ad4                HAL_IncTick
 .text.HAL_GetTick
                0x08000afc       0x18 ./Drivers/STM32F4xx_HAL_Driver/Src/stm32f4xx_hal.o
                0x08000afc                HAL_GetTick
 .text.HAL_Delay
                0x08000b14       0x48 ./Drivers/STM32F4xx_HAL_Driver/Src/stm32f4xx_hal.o
                0x08000b14                HAL_Delay
 .text.__NVIC_SetPriorityGrouping
                0x08000b5c       0x48 ./Drivers/STM32F4xx_HAL_Driver/Src/stm32f4xx_hal_cortex.o
 .text.__NVIC_GetPriorityGrouping
                0x08000ba4       0x1c ./Drivers/STM32F4xx_HAL_Driver/Src/stm32f4xx_hal_cortex.o
 .text.__NVIC_EnableIRQ
                0x08000bc0       0x3c ./Drivers/STM32F4xx_HAL_Driver/Src/stm32f4xx_hal_cortex.o
 .text.__NVIC_SetPriority
                0x08000bfc       0x54 ./Drivers/STM32F4xx_HAL_Driver/Src/stm32f4xx_hal_cortex.o
 .text.NVIC_EncodePriority
                0x08000c50       0x66 ./Drivers/STM32F4xx_HAL_Driver/Src/stm32f4xx_hal_cortex.o
 *fill*         0x08000cb6        0x2 
 .text.SysTick_Config
                0x08000cb8       0x44 ./Drivers/STM32F4xx_HAL_Driver/Src/stm32f4xx_hal_cortex.o
 .text.HAL_NVIC_SetPriorityGrouping
                0x08000cfc       0x16 ./Drivers/STM32F4xx_HAL_Driver/Src/stm32f4xx_hal_cortex.o
                0x08000cfc                HAL_NVIC_SetPriorityGrouping
 .text.HAL_NVIC_SetPriority
                0x08000d12       0x38 ./Drivers/STM32F4xx_HAL_Driver/Src/stm32f4xx_hal_cortex.o
                0x08000d12                HAL_NVIC_SetPriority
 .text.HAL_NVIC_EnableIRQ
                0x08000d4a       0x1c ./Drivers/STM32F4xx_HAL_Driver/Src/stm32f4xx_hal_cortex.o
                0x08000d4a                HAL_NVIC_EnableIRQ
 .text.HAL_SYSTICK_Config
                0x08000d66       0x18 ./Drivers/STM32F4xx_HAL_Driver/Src/stm32f4xx_hal_cortex.o
                0x08000d66                HAL_SYSTICK_Config
 *fill*         0x08000d7e        0x2 
 .text.HAL_DMA_Init
                0x08000d80      0x15c ./Drivers/STM32F4xx_HAL_Driver/Src/stm32f4xx_hal_dma.o
                0x08000d80                HAL_DMA_Init
 .text.HAL_DMA_Start_IT
                0x08000edc       0xb0 ./Drivers/STM32F4xx_HAL_Driver/Src/stm32f4xx_hal_dma.o
                0x08000edc                HAL_DMA_Start_IT
 .text.HAL_DMA_IRQHandler
                0x08000f8c      0x314 ./Drivers/STM32F4xx_HAL_Driver/Src/stm32f4xx_hal_dma.o
                0x08000f8c                HAL_DMA_IRQHandler
 .text.DMA_SetConfig
                0x080012a0       0x5c ./Drivers/STM32F4xx_HAL_Driver/Src/stm32f4xx_hal_dma.o
 .text.DMA_CalcBaseAndBitshift
                0x080012fc       0x6c ./Drivers/STM32F4xx_HAL_Driver/Src/stm32f4xx_hal_dma.o
 .text.DMA_CheckFifoParam
                0x08001368       0xf8 ./Drivers/STM32F4xx_HAL_Driver/Src/stm32f4xx_hal_dma.o
 .text.HAL_GPIO_Init
                0x08001460      0x308 ./Drivers/STM32F4xx_HAL_Driver/Src/stm32f4xx_hal_gpio.o
                0x08001460                HAL_GPIO_Init
 .text.HAL_I2S_Init
                0x08001768      0x280 ./Drivers/STM32F4xx_HAL_Driver/Src/stm32f4xx_hal_i2s.o
                0x08001768                HAL_I2S_Init
 .text.HAL_I2S_Receive_DMA
                0x080019e8      0x170 ./Drivers/STM32F4xx_HAL_Driver/Src/stm32f4xx_hal_i2s.o
                0x080019e8                HAL_I2S_Receive_DMA
 .text.HAL_I2S_TxCpltCallback
                0x08001b58       0x14 ./Drivers/STM32F4xx_HAL_Driver/Src/stm32f4xx_hal_i2s.o
                0x08001b58                HAL_I2S_TxCpltCallback
 .text.HAL_I2S_ErrorCallback
                0x08001b6c       0x14 ./Drivers/STM32F4xx_HAL_Driver/Src/stm32f4xx_hal_i2s.o
                0x08001b6c                HAL_I2S_ErrorCallback
 .text.I2S_DMARxCplt
                0x08001b80       0x42 ./Drivers/STM32F4xx_HAL_Driver/Src/stm32f4xx_hal_i2s.o
 .text.I2S_DMARxHalfCplt
                0x08001bc2       0x1c ./Drivers/STM32F4xx_HAL_Driver/Src/stm32f4xx_hal_i2s.o
 .text.I2S_DMAError
                0x08001bde       0x4c ./Drivers/STM32F4xx_HAL_Driver/Src/stm32f4xx_hal_i2s.o
 .text.I2S_Transmit_IT
                0x08001c2a       0x5c ./Drivers/STM32F4xx_HAL_Driver/Src/stm32f4xx_hal_i2s.o
 .text.I2S_Receive_IT
                0x08001c86       0x5e ./Drivers/STM32F4xx_HAL_Driver/Src/stm32f4xx_hal_i2s.o
 .text.I2S_IRQHandler
                0x08001ce4      0x114 ./Drivers/STM32F4xx_HAL_Driver/Src/stm32f4xx_hal_i2s.o
 .text.HAL_I2SEx_FullDuplex_IRQHandler
                0x08001df8      0x2a8 ./Drivers/STM32F4xx_HAL_Driver/Src/stm32f4xx_hal_i2s_ex.o
                0x08001df8                HAL_I2SEx_FullDuplex_IRQHandler
 .text.HAL_I2SEx_TxRxCpltCallback
                0x080020a0       0x14 ./Drivers/STM32F4xx_HAL_Driver/Src/stm32f4xx_hal_i2s_ex.o
                0x080020a0                HAL_I2SEx_TxRxCpltCallback
 .text.I2SEx_TxISR_I2S
                0x080020b4       0x62 ./Drivers/STM32F4xx_HAL_Driver/Src/stm32f4xx_hal_i2s_ex.o
 *fill*         0x08002116        0x2 
 .text.I2SEx_TxISR_I2SExt
                0x08002118       0x98 ./Drivers/STM32F4xx_HAL_Driver/Src/stm32f4xx_hal_i2s_ex.o
 .text.I2SEx_RxISR_I2S
                0x080021b0       0x64 ./Drivers/STM32F4xx_HAL_Driver/Src/stm32f4xx_hal_i2s_ex.o
 .text.I2SEx_RxISR_I2SExt
                0x08002214       0x98 ./Drivers/STM32F4xx_HAL_Driver/Src/stm32f4xx_hal_i2s_ex.o
 .text.HAL_PCD_Init
                0x080022ac      0x21e ./Drivers/STM32F4xx_HAL_Driver/Src/stm32f4xx_hal_pcd.o
                0x080022ac                HAL_PCD_Init
 .text.HAL_PCD_Start
                0x080024ca       0x6a ./Drivers/STM32F4xx_HAL_Driver/Src/stm32f4xx_hal_pcd.o
                0x080024ca                HAL_PCD_Start
 .text.HAL_PCD_IRQHandler
                0x08002534      0x942 ./Drivers/STM32F4xx_HAL_Driver/Src/stm32f4xx_hal_pcd.o
                0x08002534                HAL_PCD_IRQHandler
 .text.HAL_PCD_SetAddress
                0x08002e76       0x48 ./Drivers/STM32F4xx_HAL_Driver/Src/stm32f4xx_hal_pcd.o
                0x08002e76                HAL_PCD_SetAddress
 .text.HAL_PCD_EP_Open
                0x08002ebe       0xd4 ./Drivers/STM32F4xx_HAL_Driver/Src/stm32f4xx_hal_pcd.o
                0x08002ebe                HAL_PCD_EP_Open
 .text.HAL_PCD_EP_Close
                0x08002f92       0x94 ./Drivers/STM32F4xx_HAL_Driver/Src/stm32f4xx_hal_pcd.o
                0x08002f92                HAL_PCD_EP_Close
 .text.HAL_PCD_EP_Receive
                0x08003026       0x76 ./Drivers/STM32F4xx_HAL_Driver/Src/stm32f4xx_hal_pcd.o
                0x08003026                HAL_PCD_EP_Receive
 .text.HAL_PCD_EP_Transmit
                0x0800309c       0x74 ./Drivers/STM32F4xx_HAL_Driver/Src/stm32f4xx_hal_pcd.o
                0x0800309c                HAL_PCD_EP_Transmit
 .text.HAL_PCD_EP_SetStall
                0x08003110       0xc6 ./Drivers/STM32F4xx_HAL_Driver/Src/stm32f4xx_hal_pcd.o
                0x08003110                HAL_PCD_EP_SetStall
 .text.HAL_PCD_EP_ClrStall
                0x080031d6       0xac ./Drivers/STM32F4xx_HAL_Driver/Src/stm32f4xx_hal_pcd.o
                0x080031d6                HAL_PCD_EP_ClrStall
 .text.HAL_PCD_EP_Abort
                0x08003282       0x62 ./Drivers/STM32F4xx_HAL_Driver/Src/stm32f4xx_hal_pcd.o
                0x08003282                HAL_PCD_EP_Abort
 .text.PCD_WriteEmptyTxFifo
                0x080032e4      0x118 ./Drivers/STM32F4xx_HAL_Driver/Src/stm32f4xx_hal_pcd.o
 .text.PCD_EP_OutXfrComplete_int
                0x080033fc      0x1d0 ./Drivers/STM32F4xx_HAL_Driver/Src/stm32f4xx_hal_pcd.o
 .text.PCD_EP_OutSetupPacket_int
                0x080035cc       0x8c ./Drivers/STM32F4xx_HAL_Driver/Src/stm32f4xx_hal_pcd.o
 .text.HAL_PCDEx_SetTxFiFo
                0x08003658       0x8e ./Drivers/STM32F4xx_HAL_Driver/Src/stm32f4xx_hal_pcd_ex.o
                0x08003658                HAL_PCDEx_SetTxFiFo
 .text.HAL_PCDEx_SetRxFiFo
                0x080036e6       0x22 ./Drivers/STM32F4xx_HAL_Driver/Src/stm32f4xx_hal_pcd_ex.o
                0x080036e6                HAL_PCDEx_SetRxFiFo
 .text.HAL_PCDEx_LPM_Callback
                0x08003708       0x18 ./Drivers/STM32F4xx_HAL_Driver/Src/stm32f4xx_hal_pcd_ex.o
                0x08003708                HAL_PCDEx_LPM_Callback
 .text.HAL_RCC_OscConfig
                0x08003720      0x4f0 ./Drivers/STM32F4xx_HAL_Driver/Src/stm32f4xx_hal_rcc.o
                0x08003720                HAL_RCC_OscConfig
 .text.HAL_RCC_ClockConfig
                0x08003c10      0x1cc ./Drivers/STM32F4xx_HAL_Driver/Src/stm32f4xx_hal_rcc.o
                0x08003c10                HAL_RCC_ClockConfig
 .text.HAL_RCC_GetSysClockFreq
                0x08003ddc      0x188 ./Drivers/STM32F4xx_HAL_Driver/Src/stm32f4xx_hal_rcc.o
                0x08003ddc                HAL_RCC_GetSysClockFreq
 .text.HAL_RCC_GetHCLKFreq
                0x08003f64       0x18 ./Drivers/STM32F4xx_HAL_Driver/Src/stm32f4xx_hal_rcc.o
                0x08003f64                HAL_RCC_GetHCLKFreq
 .text.HAL_RCCEx_PeriphCLKConfig
                0x08003f7c      0x1e0 ./Drivers/STM32F4xx_HAL_Driver/Src/stm32f4xx_hal_rcc_ex.o
                0x08003f7c                HAL_RCCEx_PeriphCLKConfig
 .text.HAL_RCCEx_GetPeriphCLKFreq
                0x0800415c       0xc4 ./Drivers/STM32F4xx_HAL_Driver/Src/stm32f4xx_hal_rcc_ex.o
                0x0800415c                HAL_RCCEx_GetPeriphCLKFreq
 .text.USB_CoreInit
                0x08004220       0xc8 ./Drivers/STM32F4xx_HAL_Driver/Src/stm32f4xx_ll_usb.o
                0x08004220                USB_CoreInit
 .text.USB_SetTurnaroundTime
                0x080042e8      0x144 ./Drivers/STM32F4xx_HAL_Driver/Src/stm32f4xx_ll_usb.o
                0x080042e8                USB_SetTurnaroundTime
 .text.USB_EnableGlobalInt
                0x0800442c       0x22 ./Drivers/STM32F4xx_HAL_Driver/Src/stm32f4xx_ll_usb.o
                0x0800442c                USB_EnableGlobalInt
 .text.USB_DisableGlobalInt
                0x0800444e       0x22 ./Drivers/STM32F4xx_HAL_Driver/Src/stm32f4xx_ll_usb.o
                0x0800444e                USB_DisableGlobalInt
 .text.USB_SetCurrentMode
                0x08004470       0x98 ./Drivers/STM32F4xx_HAL_Driver/Src/stm32f4xx_ll_usb.o
                0x08004470                USB_SetCurrentMode
 .text.USB_DevInit
                0x08004508      0x2c8 ./Drivers/STM32F4xx_HAL_Driver/Src/stm32f4xx_ll_usb.o
                0x08004508                USB_DevInit
 .text.USB_FlushTxFifo
                0x080047d0       0x64 ./Drivers/STM32F4xx_HAL_Driver/Src/stm32f4xx_ll_usb.o
                0x080047d0                USB_FlushTxFifo
 .text.USB_FlushRxFifo
                0x08004834       0x5c ./Drivers/STM32F4xx_HAL_Driver/Src/stm32f4xx_ll_usb.o
                0x08004834                USB_FlushRxFifo
 .text.USB_SetDevSpeed
                0x08004890       0x32 ./Drivers/STM32F4xx_HAL_Driver/Src/stm32f4xx_ll_usb.o
                0x08004890                USB_SetDevSpeed
 .text.USB_GetDevSpeed
                0x080048c2       0x4a ./Drivers/STM32F4xx_HAL_Driver/Src/stm32f4xx_ll_usb.o
                0x080048c2                USB_GetDevSpeed
 .text.USB_ActivateEndpoint
                0x0800490c      0x10e ./Drivers/STM32F4xx_HAL_Driver/Src/stm32f4xx_ll_usb.o
                0x0800490c                USB_ActivateEndpoint
 *fill*         0x08004a1a        0x2 
 .text.USB_DeactivateEndpoint
                0x08004a1c      0x1b8 ./Drivers/STM32F4xx_HAL_Driver/Src/stm32f4xx_ll_usb.o
                0x08004a1c                USB_DeactivateEndpoint
 .text.USB_EPStartXfer
                0x08004bd4      0x53c ./Drivers/STM32F4xx_HAL_Driver/Src/stm32f4xx_ll_usb.o
                0x08004bd4                USB_EPStartXfer
 .text.USB_EPStopXfer
                0x08005110      0x154 ./Drivers/STM32F4xx_HAL_Driver/Src/stm32f4xx_ll_usb.o
                0x08005110                USB_EPStopXfer
 .text.USB_WritePacket
                0x08005264       0x7c ./Drivers/STM32F4xx_HAL_Driver/Src/stm32f4xx_ll_usb.o
                0x08005264                USB_WritePacket
 .text.USB_ReadPacket
                0x080052e0       0xb0 ./Drivers/STM32F4xx_HAL_Driver/Src/stm32f4xx_ll_usb.o
                0x080052e0                USB_ReadPacket
 .text.USB_EPSetStall
                0x08005390       0xdc ./Drivers/STM32F4xx_HAL_Driver/Src/stm32f4xx_ll_usb.o
                0x08005390                USB_EPSetStall
 .text.USB_EPClearStall
                0x0800546c       0xcc ./Drivers/STM32F4xx_HAL_Driver/Src/stm32f4xx_ll_usb.o
                0x0800546c                USB_EPClearStall
 .text.USB_SetDevAddress
                0x08005538       0x4c ./Drivers/STM32F4xx_HAL_Driver/Src/stm32f4xx_ll_usb.o
                0x08005538                USB_SetDevAddress
 .text.USB_DevConnect
                0x08005584       0x42 ./Drivers/STM32F4xx_HAL_Driver/Src/stm32f4xx_ll_usb.o
                0x08005584                USB_DevConnect
 .text.USB_DevDisconnect
                0x080055c6       0x42 ./Drivers/STM32F4xx_HAL_Driver/Src/stm32f4xx_ll_usb.o
                0x080055c6                USB_DevDisconnect
 .text.USB_ReadInterrupts
                0x08005608       0x26 ./Drivers/STM32F4xx_HAL_Driver/Src/stm32f4xx_ll_usb.o
                0x08005608                USB_ReadInterrupts
 .text.USB_ReadDevAllOutEpInterrupt
                0x0800562e       0x34 ./Drivers/STM32F4xx_HAL_Driver/Src/stm32f4xx_ll_usb.o
                0x0800562e                USB_ReadDevAllOutEpInterrupt
 .text.USB_ReadDevAllInEpInterrupt
                0x08005662       0x34 ./Drivers/STM32F4xx_HAL_Driver/Src/stm32f4xx_ll_usb.o
                0x08005662                USB_ReadDevAllInEpInterrupt
 .text.USB_ReadDevOutEPInterrupt
                0x08005696       0x3c ./Drivers/STM32F4xx_HAL_Driver/Src/stm32f4xx_ll_usb.o
                0x08005696                USB_ReadDevOutEPInterrupt
 .text.USB_ReadDevInEPInterrupt
                0x080056d2       0x5c ./Drivers/STM32F4xx_HAL_Driver/Src/stm32f4xx_ll_usb.o
                0x080056d2                USB_ReadDevInEPInterrupt
 .text.USB_GetMode
                0x0800572e       0x1c ./Drivers/STM32F4xx_HAL_Driver/Src/stm32f4xx_ll_usb.o
                0x0800572e                USB_GetMode
 .text.USB_ActivateSetup
                0x0800574a       0x46 ./Drivers/STM32F4xx_HAL_Driver/Src/stm32f4xx_ll_usb.o
                0x0800574a                USB_ActivateSetup
 .text.USB_EP0_OutStart
                0x08005790       0xbc ./Drivers/STM32F4xx_HAL_Driver/Src/stm32f4xx_ll_usb.o
                0x08005790                USB_EP0_OutStart
 .text.USB_CoreReset
                0x0800584c       0x70 ./Drivers/STM32F4xx_HAL_Driver/Src/stm32f4xx_ll_usb.o
 .text.USBD_AUDIO_Init
                0x080058bc       0xe4 ./Middlewares/ST/STM32_USB_Device_Library/Class/AUDIO/Src/usbd_audio.o
 .text.USBD_AUDIO_DeInit
                0x080059a0       0x80 ./Middlewares/ST/STM32_USB_Device_Library/Class/AUDIO/Src/usbd_audio.o
 .text.USBD_AUDIO_Setup
                0x08005a20      0x1b8 ./Middlewares/ST/STM32_USB_Device_Library/Class/AUDIO/Src/usbd_audio.o
 .text.USBD_AUDIO_GetCfgDesc
                0x08005bd8       0x20 ./Middlewares/ST/STM32_USB_Device_Library/Class/AUDIO/Src/usbd_audio.o
 .text.USBD_AUDIO_DataIn
                0x08005bf8       0x1a ./Middlewares/ST/STM32_USB_Device_Library/Class/AUDIO/Src/usbd_audio.o
 .text.USBD_AUDIO_EP0_RxReady
                0x08005c12       0x80 ./Middlewares/ST/STM32_USB_Device_Library/Class/AUDIO/Src/usbd_audio.o
 .text.USBD_AUDIO_EP0_TxReady
                0x08005c92       0x16 ./Middlewares/ST/STM32_USB_Device_Library/Class/AUDIO/Src/usbd_audio.o
 .text.USBD_AUDIO_SOF
                0x08005ca8       0x16 ./Middlewares/ST/STM32_USB_Device_Library/Class/AUDIO/Src/usbd_audio.o
 .text.USBD_AUDIO_IsoINIncomplete
                0x08005cbe       0x1a ./Middlewares/ST/STM32_USB_Device_Library/Class/AUDIO/Src/usbd_audio.o
 .text.USBD_AUDIO_IsoOutIncomplete
                0x08005cd8       0x58 ./Middlewares/ST/STM32_USB_Device_Library/Class/AUDIO/Src/usbd_audio.o
 .text.AUDIO_REQ_GetCurrent
                0x08005d30       0x58 ./Middlewares/ST/STM32_USB_Device_Library/Class/AUDIO/Src/usbd_audio.o
 .text.AUDIO_REQ_SetCurrent
                0x08005d88       0x88 ./Middlewares/ST/STM32_USB_Device_Library/Class/AUDIO/Src/usbd_audio.o
 .text.USBD_AUDIO_GetDeviceQualifierDesc
                0x08005e10       0x20 ./Middlewares/ST/STM32_USB_Device_Library/Class/AUDIO/Src/usbd_audio.o
 .text.USBD_AUDIO_RegisterInterface
                0x08005e30       0x34 ./Middlewares/ST/STM32_USB_Device_Library/Class/AUDIO/Src/usbd_audio.o
                0x08005e30                USBD_AUDIO_RegisterInterface
 .text.USBD_AUDIO_GetAudioHeaderDesc
                0x08005e64       0x64 ./Middlewares/ST/STM32_USB_Device_Library/Class/AUDIO/Src/usbd_audio.o
 .text.USBD_Init
                0x08005ec8       0x60 ./Middlewares/ST/STM32_USB_Device_Library/Core/Src/usbd_core.o
                0x08005ec8                USBD_Init
 .text.USBD_RegisterClass
                0x08005f28       0x6c ./Middlewares/ST/STM32_USB_Device_Library/Core/Src/usbd_core.o
                0x08005f28                USBD_RegisterClass
 .text.USBD_Start
                0x08005f94       0x18 ./Middlewares/ST/STM32_USB_Device_Library/Core/Src/usbd_core.o
                0x08005f94                USBD_Start
 .text.USBD_RunTestMode
                0x08005fac       0x16 ./Middlewares/ST/STM32_USB_Device_Library/Core/Src/usbd_core.o
                0x08005fac                USBD_RunTestMode
 .text.USBD_SetClassConfig
                0x08005fc2       0x38 ./Middlewares/ST/STM32_USB_Device_Library/Core/Src/usbd_core.o
                0x08005fc2                USBD_SetClassConfig
 .text.USBD_ClrClassConfig
                0x08005ffa       0x34 ./Middlewares/ST/STM32_USB_Device_Library/Core/Src/usbd_core.o
                0x08005ffa                USBD_ClrClassConfig
 .text.USBD_LL_SetupStage
                0x0800602e       0xaa ./Middlewares/ST/STM32_USB_Device_Library/Core/Src/usbd_core.o
                0x0800602e                USBD_LL_SetupStage
 .text.USBD_LL_DataOutStage
                0x080060d8      0x178 ./Middlewares/ST/STM32_USB_Device_Library/Core/Src/usbd_core.o
                0x080060d8                USBD_LL_DataOutStage
 .text.USBD_LL_DataInStage
                0x08006250      0x176 ./Middlewares/ST/STM32_USB_Device_Library/Core/Src/usbd_core.o
                0x08006250                USBD_LL_DataInStage
 .text.USBD_LL_Reset
                0x080063c6       0xa6 ./Middlewares/ST/STM32_USB_Device_Library/Core/Src/usbd_core.o
                0x080063c6                USBD_LL_Reset
 .text.USBD_LL_SetSpeed
                0x0800646c       0x20 ./Middlewares/ST/STM32_USB_Device_Library/Core/Src/usbd_core.o
                0x0800646c                USBD_LL_SetSpeed
 .text.USBD_LL_Suspend
                0x0800648c       0x38 ./Middlewares/ST/STM32_USB_Device_Library/Core/Src/usbd_core.o
                0x0800648c                USBD_LL_Suspend
 .text.USBD_LL_Resume
                0x080064c4       0x30 ./Middlewares/ST/STM32_USB_Device_Library/Core/Src/usbd_core.o
                0x080064c4                USBD_LL_Resume
 .text.USBD_LL_SOF
                0x080064f4       0x40 ./Middlewares/ST/STM32_USB_Device_Library/Core/Src/usbd_core.o
                0x080064f4                USBD_LL_SOF
 .text.USBD_LL_IsoINIncomplete
                0x08006534       0x64 ./Middlewares/ST/STM32_USB_Device_Library/Core/Src/usbd_core.o
                0x08006534                USBD_LL_IsoINIncomplete
 .text.USBD_LL_IsoOUTIncomplete
                0x08006598       0x64 ./Middlewares/ST/STM32_USB_Device_Library/Core/Src/usbd_core.o
                0x08006598                USBD_LL_IsoOUTIncomplete
 .text.USBD_LL_DevConnected
                0x080065fc       0x16 ./Middlewares/ST/STM32_USB_Device_Library/Core/Src/usbd_core.o
                0x080065fc                USBD_LL_DevConnected
 .text.USBD_LL_DevDisconnected
                0x08006612       0x46 ./Middlewares/ST/STM32_USB_Device_Library/Core/Src/usbd_core.o
                0x08006612                USBD_LL_DevDisconnected
 .text.USBD_CoreFindIF
                0x08006658       0x1a ./Middlewares/ST/STM32_USB_Device_Library/Core/Src/usbd_core.o
                0x08006658                USBD_CoreFindIF
 .text.USBD_CoreFindEP
                0x08006672       0x1a ./Middlewares/ST/STM32_USB_Device_Library/Core/Src/usbd_core.o
                0x08006672                USBD_CoreFindEP
 .text.USBD_GetNextDesc
                0x0800668c       0x38 ./Middlewares/ST/STM32_USB_Device_Library/Core/Src/usbd_core.o
                0x0800668c                USBD_GetNextDesc
 .text.SWAPBYTE
                0x080066c4       0x3e ./Middlewares/ST/STM32_USB_Device_Library/Core/Src/usbd_ctlreq.o
 *fill*         0x08006702        0x2 
 .text.USBD_StdDevReq
                0x08006704       0xe4 ./Middlewares/ST/STM32_USB_Device_Library/Core/Src/usbd_ctlreq.o
                0x08006704                USBD_StdDevReq
 .text.USBD_StdItfReq
                0x080067e8       0xd8 ./Middlewares/ST/STM32_USB_Device_Library/Core/Src/usbd_ctlreq.o
                0x080067e8                USBD_StdItfReq
 .text.USBD_StdEPReq
                0x080068c0      0x33e ./Middlewares/ST/STM32_USB_Device_Library/Core/Src/usbd_ctlreq.o
                0x080068c0                USBD_StdEPReq
 *fill*         0x08006bfe        0x2 
 .text.USBD_GetDescriptor
                0x08006c00      0x2d4 ./Middlewares/ST/STM32_USB_Device_Library/Core/Src/usbd_ctlreq.o
 .text.USBD_SetAddress
                0x08006ed4       0x88 ./Middlewares/ST/STM32_USB_Device_Library/Core/Src/usbd_ctlreq.o
 .text.USBD_SetConfig
                0x08006f5c      0x154 ./Middlewares/ST/STM32_USB_Device_Library/Core/Src/usbd_ctlreq.o
 .text.USBD_GetConfig
                0x080070b0       0x6c ./Middlewares/ST/STM32_USB_Device_Library/Core/Src/usbd_ctlreq.o
 .text.USBD_GetStatus
                0x0800711c       0x68 ./Middlewares/ST/STM32_USB_Device_Library/Core/Src/usbd_ctlreq.o
 .text.USBD_SetFeature
                0x08007184       0x52 ./Middlewares/ST/STM32_USB_Device_Library/Core/Src/usbd_ctlreq.o
 .text.USBD_ClrFeature
                0x080071d6       0x44 ./Middlewares/ST/STM32_USB_Device_Library/Core/Src/usbd_ctlreq.o
 .text.USBD_ParseSetupRequest
                0x0800721a       0x74 ./Middlewares/ST/STM32_USB_Device_Library/Core/Src/usbd_ctlreq.o
                0x0800721a                USBD_ParseSetupRequest
 .text.USBD_CtlError
                0x0800728e       0x22 ./Middlewares/ST/STM32_USB_Device_Library/Core/Src/usbd_ctlreq.o
                0x0800728e                USBD_CtlError
 .text.USBD_GetString
                0x080072b0       0xa4 ./Middlewares/ST/STM32_USB_Device_Library/Core/Src/usbd_ctlreq.o
                0x080072b0                USBD_GetString
 .text.USBD_GetLen
                0x08007354       0x34 ./Middlewares/ST/STM32_USB_Device_Library/Core/Src/usbd_ctlreq.o
 .text.USBD_CtlSendData
                0x08007388       0x3c ./Middlewares/ST/STM32_USB_Device_Library/Core/Src/usbd_ioreq.o
                0x08007388                USBD_CtlSendData
 .text.USBD_CtlContinueSendData
                0x080073c4       0x22 ./Middlewares/ST/STM32_USB_Device_Library/Core/Src/usbd_ioreq.o
                0x080073c4                USBD_CtlContinueSendData
 .text.USBD_CtlPrepareRx
                0x080073e6       0x42 ./Middlewares/ST/STM32_USB_Device_Library/Core/Src/usbd_ioreq.o
                0x080073e6                USBD_CtlPrepareRx
 .text.USBD_CtlContinueRx
                0x08007428       0x22 ./Middlewares/ST/STM32_USB_Device_Library/Core/Src/usbd_ioreq.o
                0x08007428                USBD_CtlContinueRx
 .text.USBD_CtlSendStatus
                0x0800744a       0x26 ./Middlewares/ST/STM32_USB_Device_Library/Core/Src/usbd_ioreq.o
                0x0800744a                USBD_CtlSendStatus
 .text.USBD_CtlReceiveStatus
                0x08007470       0x26 ./Middlewares/ST/STM32_USB_Device_Library/Core/Src/usbd_ioreq.o
                0x08007470                USBD_CtlReceiveStatus
 *fill*         0x08007496        0x2 
 .text.MX_USB_DEVICE_Init
                0x08007498       0x60 ./USB_DEVICE/App/usb_device.o
                0x08007498                MX_USB_DEVICE_Init
 .text.AUDIO_Init_FS
                0x080074f8       0x1a ./USB_DEVICE/App/usbd_audio_if.o
 .text.AUDIO_DeInit_FS
                0x08007512       0x16 ./USB_DEVICE/App/usbd_audio_if.o
 .text.AUDIO_AudioCmd_FS
                0x08007528       0x28 ./USB_DEVICE/App/usbd_audio_if.o
 .text.AUDIO_VolumeCtl_FS
                0x08007550       0x18 ./USB_DEVICE/App/usbd_audio_if.o
 .text.AUDIO_MuteCtl_FS
                0x08007568       0x18 ./USB_DEVICE/App/usbd_audio_if.o
 .text.AUDIO_PeriodicTC_FS
                0x08007580       0x1c ./USB_DEVICE/App/usbd_audio_if.o
 .text.AUDIO_GetState_FS
                0x0800759c       0x10 ./USB_DEVICE/App/usbd_audio_if.o
 .text.USBD_FS_DeviceDescriptor
                0x080075ac       0x24 ./USB_DEVICE/App/usbd_desc.o
                0x080075ac                USBD_FS_DeviceDescriptor
 .text.USBD_FS_LangIDStrDescriptor
                0x080075d0       0x24 ./USB_DEVICE/App/usbd_desc.o
                0x080075d0                USBD_FS_LangIDStrDescriptor
 .text.USBD_FS_ProductStrDescriptor
                0x080075f4       0x3c ./USB_DEVICE/App/usbd_desc.o
                0x080075f4                USBD_FS_ProductStrDescriptor
 .text.USBD_FS_ManufacturerStrDescriptor
                0x08007630       0x28 ./USB_DEVICE/App/usbd_desc.o
                0x08007630                USBD_FS_ManufacturerStrDescriptor
 .text.USBD_FS_SerialStrDescriptor
                0x08007658       0x24 ./USB_DEVICE/App/usbd_desc.o
                0x08007658                USBD_FS_SerialStrDescriptor
 .text.USBD_FS_ConfigStrDescriptor
                0x0800767c       0x3c ./USB_DEVICE/App/usbd_desc.o
                0x0800767c                USBD_FS_ConfigStrDescriptor
 .text.USBD_FS_InterfaceStrDescriptor
                0x080076b8       0x3c ./USB_DEVICE/App/usbd_desc.o
                0x080076b8                USBD_FS_InterfaceStrDescriptor
 .text.Get_SerialNum
                0x080076f4       0x58 ./USB_DEVICE/App/usbd_desc.o
 .text.IntToUnicode
                0x0800774c       0x7e ./USB_DEVICE/App/usbd_desc.o
 *fill*         0x080077ca        0x2 
 .text.HAL_PCD_MspInit
                0x080077cc       0xa8 ./USB_DEVICE/Target/usbd_conf.o
                0x080077cc                HAL_PCD_MspInit
 .text.HAL_PCD_SetupStageCallback
                0x08007874       0x24 ./USB_DEVICE/Target/usbd_conf.o
                0x08007874                HAL_PCD_SetupStageCallback
 .text.HAL_PCD_DataOutStageCallback
                0x08007898       0x36 ./USB_DEVICE/Target/usbd_conf.o
                0x08007898                HAL_PCD_DataOutStageCallback
 .text.HAL_PCD_DataInStageCallback
                0x080078ce       0x34 ./USB_DEVICE/Target/usbd_conf.o
                0x080078ce                HAL_PCD_DataInStageCallback
 .text.HAL_PCD_SOFCallback
                0x08007902       0x1c ./USB_DEVICE/Target/usbd_conf.o
                0x08007902                HAL_PCD_SOFCallback
 .text.HAL_PCD_ResetCallback
                0x0800791e       0x3c ./USB_DEVICE/Target/usbd_conf.o
                0x0800791e                HAL_PCD_ResetCallback
 *fill*         0x0800795a        0x2 
 .text.HAL_PCD_SuspendCallback
                0x0800795c       0x4c ./USB_DEVICE/Target/usbd_conf.o
                0x0800795c                HAL_PCD_SuspendCallback
 .text.HAL_PCD_ResumeCallback
                0x080079a8       0x1c ./USB_DEVICE/Target/usbd_conf.o
                0x080079a8                HAL_PCD_ResumeCallback
 .text.HAL_PCD_ISOOUTIncompleteCallback
                0x080079c4       0x24 ./USB_DEVICE/Target/usbd_conf.o
                0x080079c4                HAL_PCD_ISOOUTIncompleteCallback
 .text.HAL_PCD_ISOINIncompleteCallback
                0x080079e8       0x24 ./USB_DEVICE/Target/usbd_conf.o
                0x080079e8                HAL_PCD_ISOINIncompleteCallback
 .text.HAL_PCD_ConnectCallback
                0x08007a0c       0x1c ./USB_DEVICE/Target/usbd_conf.o
                0x08007a0c                HAL_PCD_ConnectCallback
 .text.HAL_PCD_DisconnectCallback
                0x08007a28       0x1c ./USB_DEVICE/Target/usbd_conf.o
                0x08007a28                HAL_PCD_DisconnectCallback
 .text.USBD_LL_Init
                0x08007a44       0x98 ./USB_DEVICE/Target/usbd_conf.o
                0x08007a44                USBD_LL_Init
 .text.USBD_LL_Start
                0x08007adc       0x36 ./USB_DEVICE/Target/usbd_conf.o
                0x08007adc                USBD_LL_Start
 .text.USBD_LL_OpenEP
                0x08007b12       0x4c ./USB_DEVICE/Target/usbd_conf.o
                0x08007b12                USBD_LL_OpenEP
 .text.USBD_LL_CloseEP
                0x08007b5e       0x3e ./USB_DEVICE/Target/usbd_conf.o
                0x08007b5e                USBD_LL_CloseEP
 .text.USBD_LL_StallEP
                0x08007b9c       0x3e ./USB_DEVICE/Target/usbd_conf.o
                0x08007b9c                USBD_LL_StallEP
 .text.USBD_LL_ClearStallEP
                0x08007bda       0x3e ./USB_DEVICE/Target/usbd_conf.o
                0x08007bda                USBD_LL_ClearStallEP
 .text.USBD_LL_IsStallEP
                0x08007c18       0x58 ./USB_DEVICE/Target/usbd_conf.o
                0x08007c18                USBD_LL_IsStallEP
 .text.USBD_LL_SetUSBAddress
                0x08007c70       0x3e ./USB_DEVICE/Target/usbd_conf.o
                0x08007c70                USBD_LL_SetUSBAddress
 .text.USBD_LL_Transmit
                0x08007cae       0x42 ./USB_DEVICE/Target/usbd_conf.o
                0x08007cae                USBD_LL_Transmit
 .text.USBD_LL_PrepareReceive
                0x08007cf0       0x42 ./USB_DEVICE/Target/usbd_conf.o
                0x08007cf0                USBD_LL_PrepareReceive
 *fill*         0x08007d32        0x2 
 .text.USBD_static_malloc
                0x08007d34       0x1c ./USB_DEVICE/Target/usbd_conf.o
                0x08007d34                USBD_static_malloc
 .text.USBD_static_free
                0x08007d50       0x14 ./USB_DEVICE/Target/usbd_conf.o
                0x08007d50                USBD_static_free
 .text.USBD_Get_USB_Status
                0x08007d64       0x58 ./USB_DEVICE/Target/usbd_conf.o
                0x08007d64                USBD_Get_USB_Status
 .text.memset   0x08007dbc       0x10 /opt/st/stm32cubeide_2.1.1/plugins/com.st.stm32cube.ide.mcu.externaltools.gnu-tools-for-stm32.14.3.rel1.linux64_1.0.100.202602081740/tools/bin/../lib/gcc/arm-none-eabi/14.3.1/../../../../arm-none-eabi/lib/thumb/v7e-m+fp/hard/libc_nano.a(libc_a-memset.o)
                0x08007dbc                memset
 .text.__libc_init_array
                0x08007dcc       0x48 /opt/st/stm32cubeide_2.1.1/plugins/com.st.stm32cube.ide.mcu.externaltools.gnu-tools-for-stm32.14.3.rel1.linux64_1.0.100.202602081740/tools/bin/../lib/gcc/arm-none-eabi/14.3.1/../../../../arm-none-eabi/lib/thumb/v7e-m+fp/hard/libc_nano.a(libc_a-init.o)
                0x08007dcc                __libc_init_array
 *(.glue_7)
 .glue_7        0x08007e14        0x0 linker stubs
 *(.glue_7t)
 .glue_7t       0x08007e14        0x0 linker stubs
 *(.eh_frame)
 .eh_frame      0x08007e14        0x0 /opt/st/stm32cubeide_2.1.1/plugins/com.st.stm32cube.ide.mcu.externaltools.gnu-tools-for-stm32.14.3.rel1.linux64_1.0.100.202602081740/tools/bin/../lib/gcc/arm-none-eabi/14.3.1/thumb/v7e-m+fp/hard/crtbegin.o
 *(.init)
 .init          0x08007e14        0x4 /opt/st/stm32cubeide_2.1.1/plugins/com.st.stm32cube.ide.mcu.externaltools.gnu-tools-for-stm32.14.3.rel1.linux64_1.0.100.202602081740/tools/bin/../lib/gcc/arm-none-eabi/14.3.1/thumb/v7e-m+fp/hard/crti.o
                0x08007e14                _init
 .init          0x08007e18        0x8 /opt/st/stm32cubeide_2.1.1/plugins/com.st.stm32cube.ide.mcu.externaltools.gnu-tools-for-stm32.14.3.rel1.linux64_1.0.100.202602081740/tools/bin/../lib/gcc/arm-none-eabi/14.3.1/thumb/v7e-m+fp/hard/crtn.o
 *(.fini)
 .fini          0x08007e20        0x4 /opt/st/stm32cubeide_2.1.1/plugins/com.st.stm32cube.ide.mcu.externaltools.gnu-tools-for-stm32.14.3.rel1.linux64_1.0.100.202602081740/tools/bin/../lib/gcc/arm-none-eabi/14.3.1/thumb/v7e-m+fp/hard/crti.o
                0x08007e20                _fini
 .fini          0x08007e24        0x8 /opt/st/stm32cubeide_2.1.1/plugins/com.st.stm32cube.ide.mcu.externaltools.gnu-tools-for-stm32.14.3.rel1.linux64_1.0.100.202602081740/tools/bin/../lib/gcc/arm-none-eabi/14.3.1/thumb/v7e-m+fp/hard/crtn.o
                0x08007e2c                        . = ALIGN (0x4)
                0x08007e2c                        _etext = .

.vfp11_veneer   0x08007e2c        0x0
 .vfp11_veneer  0x08007e2c        0x0 linker stubs

.v4_bx          0x08007e2c        0x0
 .v4_bx         0x08007e2c        0x0 linker stubs

.iplt           0x08007e2c        0x0
 .iplt          0x08007e2c        0x0 /opt/st/stm32cubeide_2.1.1/plugins/com.st.stm32cube.ide.mcu.externaltools.gnu-tools-for-stm32.14.3.rel1.linux64_1.0.100.202602081740/tools/bin/../lib/gcc/arm-none-eabi/14.3.1/thumb/v7e-m+fp/hard/crtbegin.o

.rodata         0x08007e2c       0x60
                0x08007e2c                        . = ALIGN (0x4)
 *(.rodata)
 .rodata        0x08007e2c       0x48 ./USB_DEVICE/App/usbd_desc.o
 *(.rodata*)
 .rodata.AHBPrescTable
                0x08007e74       0x10 ./Core/Src/system_stm32f4xx.o
                0x08007e74                AHBPrescTable
 .rodata.flagBitshiftOffset.0
                0x08007e84        0x8 ./Drivers/STM32F4xx_HAL_Driver/Src/stm32f4xx_hal_dma.o
                0x08007e8c                        . = ALIGN (0x4)

.ARM.extab      0x08007e8c        0x0
                0x08007e8c                        . = ALIGN (0x4)
 *(.ARM.extab* .gnu.linkonce.armextab.*)
                0x08007e8c                        . = ALIGN (0x4)

.ARM            0x08007e8c        0x8
                0x08007e8c                        . = ALIGN (0x4)
                0x08007e8c                        __exidx_start = .
 *(.ARM.exidx*)
 .ARM.exidx     0x08007e8c        0x8 /opt/st/stm32cubeide_2.1.1/plugins/com.st.stm32cube.ide.mcu.externaltools.gnu-tools-for-stm32.14.3.rel1.linux64_1.0.100.202602081740/tools/bin/../lib/gcc/arm-none-eabi/14.3.1/thumb/v7e-m+fp/hard/libgcc.a(_udivmoddi4.o)
                0x08007e94                        __exidx_end = .
                0x08007e94                        . = ALIGN (0x4)

.preinit_array  0x08007e94        0x0
                0x08007e94                        . = ALIGN (0x4)
                0x08007e94                        PROVIDE (__preinit_array_start = .)
 *(.preinit_array*)
                0x08007e94                        PROVIDE (__preinit_array_end = .)
                0x08007e94                        . = ALIGN (0x4)

.init_array     0x08007e94        0x4
                0x08007e94                        . = ALIGN (0x4)
                0x08007e94                        PROVIDE (__init_array_start = .)
 *(SORT_BY_NAME(.init_array.*))
 *(.init_array*)
 .init_array    0x08007e94        0x4 /opt/st/stm32cubeide_2.1.1/plugins/com.st.stm32cube.ide.mcu.externaltools.gnu-tools-for-stm32.14.3.rel1.linux64_1.0.100.202602081740/tools/bin/../lib/gcc/arm-none-eabi/14.3.1/thumb/v7e-m+fp/hard/crtbegin.o
                0x08007e98                        PROVIDE (__init_array_end = .)
                0x08007e98                        . = ALIGN (0x4)

.fini_array     0x08007e98        0x4
                0x08007e98                        . = ALIGN (0x4)
                [!provide]                        PROVIDE (__fini_array_start = .)
 *(SORT_BY_NAME(.fini_array.*))
 *(.fini_array*)
 .fini_array    0x08007e98        0x4 /opt/st/stm32cubeide_2.1.1/plugins/com.st.stm32cube.ide.mcu.externaltools.gnu-tools-for-stm32.14.3.rel1.linux64_1.0.100.202602081740/tools/bin/../lib/gcc/arm-none-eabi/14.3.1/thumb/v7e-m+fp/hard/crtbegin.o
                [!provide]                        PROVIDE (__fini_array_end = .)
                0x08007e9c                        . = ALIGN (0x4)
                0x08007e9c                        _sidata = LOADADDR (.data)

.rel.dyn        0x08007e9c        0x0
 .rel.iplt      0x08007e9c        0x0 /opt/st/stm32cubeide_2.1.1/plugins/com.st.stm32cube.ide.mcu.externaltools.gnu-tools-for-stm32.14.3.rel1.linux64_1.0.100.202602081740/tools/bin/../lib/gcc/arm-none-eabi/14.3.1/thumb/v7e-m+fp/hard/crtbegin.o

.data           0x20000000      0x12c load address 0x08007e9c
                0x20000000                        . = ALIGN (0x4)
                0x20000000                        _sdata = .
 *(.data)
 *(.data*)
 .data.SystemCoreClock
                0x20000000        0x4 ./Core/Src/system_stm32f4xx.o
                0x20000000                SystemCoreClock
 .data.uwTickPrio
                0x20000004        0x4 ./Drivers/STM32F4xx_HAL_Driver/Src/stm32f4xx_hal.o
                0x20000004                uwTickPrio
 .data.uwTickFreq
                0x20000008        0x1 ./Drivers/STM32F4xx_HAL_Driver/Src/stm32f4xx_hal.o
                0x20000008                uwTickFreq
 *fill*         0x20000009        0x3 
 .data.USBD_AUDIO
                0x2000000c       0x38 ./Middlewares/ST/STM32_USB_Device_Library/Class/AUDIO/Src/usbd_audio.o
                0x2000000c                USBD_AUDIO
 .data.USBD_AUDIO_CfgDesc
                0x20000044       0x6d ./Middlewares/ST/STM32_USB_Device_Library/Class/AUDIO/Src/usbd_audio.o
 *fill*         0x200000b1        0x3 
 .data.USBD_AUDIO_DeviceQualifierDesc
                0x200000b4        0xa ./Middlewares/ST/STM32_USB_Device_Library/Class/AUDIO/Src/usbd_audio.o
 *fill*         0x200000be        0x2 
 .data.USBD_AUDIO_fops_FS
                0x200000c0       0x1c ./USB_DEVICE/App/usbd_audio_if.o
                0x200000c0                USBD_AUDIO_fops_FS
 .data.FS_Desc  0x200000dc       0x1c ./USB_DEVICE/App/usbd_desc.o
                0x200000dc                FS_Desc
 .data.USBD_FS_DeviceDesc
                0x200000f8       0x12 ./USB_DEVICE/App/usbd_desc.o
                0x200000f8                USBD_FS_DeviceDesc
 *fill*         0x2000010a        0x2 
 .data.USBD_LangIDDesc
                0x2000010c        0x4 ./USB_DEVICE/App/usbd_desc.o
                0x2000010c                USBD_LangIDDesc
 .data.USBD_StringSerial
                0x20000110       0x1a ./USB_DEVICE/App/usbd_desc.o
                0x20000110                USBD_StringSerial
 *(.RamFunc)
 *(.RamFunc*)
                0x2000012c                        . = ALIGN (0x4)
 *fill*         0x2000012a        0x2 
                0x2000012c                        _edata = .

.igot.plt       0x2000012c        0x0 load address 0x08007fc8
 .igot.plt      0x2000012c        0x0 /opt/st/stm32cubeide_2.1.1/plugins/com.st.stm32cube.ide.mcu.externaltools.gnu-tools-for-stm32.14.3.rel1.linux64_1.0.100.202602081740/tools/bin/../lib/gcc/arm-none-eabi/14.3.1/thumb/v7e-m+fp/hard/crtbegin.o
                0x2000012c                        . = ALIGN (0x4)

.bss            0x2000012c     0x2780 load address 0x08007fc8
                0x2000012c                        _sbss = .
                0x2000012c                        __bss_start__ = _sbss
 *(.bss)
 .bss           0x2000012c       0x1c /opt/st/stm32cubeide_2.1.1/plugins/com.st.stm32cube.ide.mcu.externaltools.gnu-tools-for-stm32.14.3.rel1.linux64_1.0.100.202602081740/tools/bin/../lib/gcc/arm-none-eabi/14.3.1/thumb/v7e-m+fp/hard/crtbegin.o
 *(.bss*)
 .bss.hi2s1     0x20000148       0x48 ./Core/Src/main.o
                0x20000148                hi2s1
 .bss.hdma_spi1_rx
                0x20000190       0x60 ./Core/Src/main.o
                0x20000190                hdma_spi1_rx
 .bss.i2s_rx_buf
                0x200001f0      0x100 ./Core/Src/main.o
                0x200001f0                i2s_rx_buf
 .bss.usb_tx_buf
                0x200002f0       0x20 ./Core/Src/main.o
                0x200002f0                usb_tx_buf
 .bss.uwTick    0x20000310        0x4 ./Drivers/STM32F4xx_HAL_Driver/Src/stm32f4xx_hal.o
                0x20000310                uwTick
 .bss.cfgidx.0  0x20000314        0x1 ./Middlewares/ST/STM32_USB_Device_Library/Core/Src/usbd_ctlreq.o
 *fill*         0x20000315        0x3 
 .bss.hUsbDeviceFS
                0x20000318      0x2dc ./USB_DEVICE/App/usb_device.o
                0x20000318                hUsbDeviceFS
 .bss.USBD_StrDesc
                0x200005f4      0x200 ./USB_DEVICE/App/usbd_desc.o
                0x200005f4                USBD_StrDesc
 .bss.hpcd_USB_OTG_FS
                0x200007f4      0x4e4 ./USB_DEVICE/Target/usbd_conf.o
                0x200007f4                hpcd_USB_OTG_FS
 .bss.mem.0     0x20000cd8     0x1bd4 ./USB_DEVICE/Target/usbd_conf.o
 *(COMMON)
                0x200028ac                        . = ALIGN (0x4)
                0x200028ac                        _ebss = .
                0x200028ac                        __bss_end__ = _ebss

._user_heap_stack
                0x200028ac      0x604 load address 0x08007fc8
                0x200028b0                        . = ALIGN (0x8)
 *fill*         0x200028ac        0x4 
                [!provide]                        PROVIDE (end = .)
                0x200028b0                        PROVIDE (_end = .)
                0x20002ab0                        . = (. + _Min_Heap_Size)
 *fill*         0x200028b0      0x200 
                0x20002eb0                        . = (. + _Min_Stack_Size)
 *fill*         0x20002ab0      0x400 
                0x20002eb0                        . = ALIGN (0x8)

/DISCARD/
 libc.a(*)
 libm.a(*)
 libgcc.a(*)

.ARM.attributes
                0x00000000       0x30
 *(.ARM.attributes)
 .ARM.attributes
                0x00000000       0x22 /opt/st/stm32cubeide_2.1.1/plugins/com.st.stm32cube.ide.mcu.externaltools.gnu-tools-for-stm32.14.3.rel1.linux64_1.0.100.202602081740/tools/bin/../lib/gcc/arm-none-eabi/14.3.1/thumb/v7e-m+fp/hard/crti.o
 .ARM.attributes
                0x00000022       0x34 /opt/st/stm32cubeide_2.1.1/plugins/com.st.stm32cube.ide.mcu.externaltools.gnu-tools-for-stm32.14.3.rel1.linux64_1.0.100.202602081740/tools/bin/../lib/gcc/arm-none-eabi/14.3.1/thumb/v7e-m+fp/hard/crtbegin.o
 .ARM.attributes
                0x00000056       0x34 ./Core/Src/main.o
 .ARM.attributes
                0x0000008a       0x34 ./Core/Src/stm32f4xx_hal_msp.o
 .ARM.attributes
                0x000000be       0x34 ./Core/Src/stm32f4xx_it.o
 .ARM.attributes
                0x000000f2       0x34 ./Core/Src/system_stm32f4xx.o
 .ARM.attributes
                0x00000126       0x21 ./Core/Startup/startup_stm32f411ceux.o
 .ARM.attributes
                0x00000147       0x34 ./Drivers/STM32F4xx_HAL_Driver/Src/stm32f4xx_hal.o
 .ARM.attributes
                0x0000017b       0x34 ./Drivers/STM32F4xx_HAL_Driver/Src/stm32f4xx_hal_cortex.o
 .ARM.attributes
                0x000001af       0x34 ./Drivers/STM32F4xx_HAL_Driver/Src/stm32f4xx_hal_dma.o
 .ARM.attributes
                0x000001e3       0x34 ./Drivers/STM32F4xx_HAL_Driver/Src/stm32f4xx_hal_gpio.o
 .ARM.attributes
                0x00000217       0x34 ./Drivers/STM32F4xx_HAL_Driver/Src/stm32f4xx_hal_i2s.o
 .ARM.attributes
                0x0000024b       0x34 ./Drivers/STM32F4xx_HAL_Driver/Src/stm32f4xx_hal_i2s_ex.o
 .ARM.attributes
                0x0000027f       0x34 ./Drivers/STM32F4xx_HAL_Driver/Src/stm32f4xx_hal_pcd.o
 .ARM.attributes
                0x000002b3       0x34 ./Drivers/STM32F4xx_HAL_Driver/Src/stm32f4xx_hal_pcd_ex.o
 .ARM.attributes
                0x000002e7       0x34 ./Drivers/STM32F4xx_HAL_Driver/Src/stm32f4xx_hal_rcc.o
 .ARM.attributes
                0x0000031b       0x34 ./Drivers/STM32F4xx_HAL_Driver/Src/stm32f4xx_hal_rcc_ex.o
 .ARM.attributes
                0x0000034f       0x34 ./Drivers/STM32F4xx_HAL_Driver/Src/stm32f4xx_ll_usb.o
 .ARM.attributes
                0x00000383       0x34 ./Middlewares/ST/STM32_USB_Device_Library/Class/AUDIO/Src/usbd_audio.o
 .ARM.attributes
                0x000003b7       0x34 ./Middlewares/ST/STM32_USB_Device_Library/Core/Src/usbd_core.o
 .ARM.attributes
                0x000003eb       0x34 ./Middlewares/ST/STM32_USB_Device_Library/Core/Src/usbd_ctlreq.o
 .ARM.attributes
                0x0000041f       0x34 ./Middlewares/ST/STM32_USB_Device_Library/Core/Src/usbd_ioreq.o
 .ARM.attributes
                0x00000453       0x34 ./USB_DEVICE/App/usb_device.o
 .ARM.attributes
                0x00000487       0x34 ./USB_DEVICE/App/usbd_audio_if.o
 .ARM.attributes
                0x000004bb       0x34 ./USB_DEVICE/App/usbd_desc.o
 .ARM.attributes
                0x000004ef       0x34 ./USB_DEVICE/Target/usbd_conf.o
 .ARM.attributes
                0x00000523       0x34 /opt/st/stm32cubeide_2.1.1/plugins/com.st.stm32cube.ide.mcu.externaltools.gnu-tools-for-stm32.14.3.rel1.linux64_1.0.100.202602081740/tools/bin/../lib/gcc/arm-none-eabi/14.3.1/../../../../arm-none-eabi/lib/thumb/v7e-m+fp/hard/libc_nano.a(libc_a-memset.o)
 .ARM.attributes
                0x00000557       0x34 /opt/st/stm32cubeide_2.1.1/plugins/com.st.stm32cube.ide.mcu.externaltools.gnu-tools-for-stm32.14.3.rel1.linux64_1.0.100.202602081740/tools/bin/../lib/gcc/arm-none-eabi/14.3.1/../../../../arm-none-eabi/lib/thumb/v7e-m+fp/hard/libc_nano.a(libc_a-init.o)
 .ARM.attributes
                0x0000058b       0x22 /opt/st/stm32cubeide_2.1.1/plugins/com.st.stm32cube.ide.mcu.externaltools.gnu-tools-for-stm32.14.3.rel1.linux64_1.0.100.202602081740/tools/bin/../lib/gcc/arm-none-eabi/14.3.1/thumb/v7e-m+fp/hard/libgcc.a(_aeabi_uldivmod.o)
 .ARM.attributes
                0x000005ad       0x34 /opt/st/stm32cubeide_2.1.1/plugins/com.st.stm32cube.ide.mcu.externaltools.gnu-tools-for-stm32.14.3.rel1.linux64_1.0.100.202602081740/tools/bin/../lib/gcc/arm-none-eabi/14.3.1/thumb/v7e-m+fp/hard/libgcc.a(_udivmoddi4.o)
 .ARM.attributes
                0x000005e1       0x22 /opt/st/stm32cubeide_2.1.1/plugins/com.st.stm32cube.ide.mcu.externaltools.gnu-tools-for-stm32.14.3.rel1.linux64_1.0.100.202602081740/tools/bin/../lib/gcc/arm-none-eabi/14.3.1/thumb/v7e-m+fp/hard/libgcc.a(_dvmd_tls.o)
 .ARM.attributes
                0x00000603       0x22 /opt/st/stm32cubeide_2.1.1/plugins/com.st.stm32cube.ide.mcu.externaltools.gnu-tools-for-stm32.14.3.rel1.linux64_1.0.100.202602081740/tools/bin/../lib/gcc/arm-none-eabi/14.3.1/thumb/v7e-m+fp/hard/crtn.o
OUTPUT(STM32AsAudioCard.elf elf32-littlearm)
LOAD linker stubs
LOAD /opt/st/stm32cubeide_2.1.1/plugins/com.st.stm32cube.ide.mcu.externaltools.gnu-tools-for-stm32.14.3.rel1.linux64_1.0.100.202602081740/tools/bin/../lib/gcc/arm-none-eabi/14.3.1/../../../../arm-none-eabi/lib/thumb/v7e-m+fp/hard/libc.a
LOAD /opt/st/stm32cubeide_2.1.1/plugins/com.st.stm32cube.ide.mcu.externaltools.gnu-tools-for-stm32.14.3.rel1.linux64_1.0.100.202602081740/tools/bin/../lib/gcc/arm-none-eabi/14.3.1/../../../../arm-none-eabi/lib/thumb/v7e-m+fp/hard/libm.a
LOAD /opt/st/stm32cubeide_2.1.1/plugins/com.st.stm32cube.ide.mcu.externaltools.gnu-tools-for-stm32.14.3.rel1.linux64_1.0.100.202602081740/tools/bin/../lib/gcc/arm-none-eabi/14.3.1/thumb/v7e-m+fp/hard/libgcc.a

.debug_info     0x00000000    0x10d40
 .debug_info    0x00000000     0x12b9 ./Core/Src/main.o
 .debug_info    0x000012b9      0xa91 ./Core/Src/stm32f4xx_hal_msp.o
 .debug_info    0x00001d4a      0x897 ./Core/Src/stm32f4xx_it.o
 .debug_info    0x000025e1      0x53e ./Core/Src/system_stm32f4xx.o
 .debug_info    0x00002b1f       0x30 ./Core/Startup/startup_stm32f411ceux.o
 .debug_info    0x00002b4f      0x8c4 ./Drivers/STM32F4xx_HAL_Driver/Src/stm32f4xx_hal.o
 .debug_info    0x00003413      0xcfc ./Drivers/STM32F4xx_HAL_Driver/Src/stm32f4xx_hal_cortex.o
 .debug_info    0x0000410f      0x8e6 ./Drivers/STM32F4xx_HAL_Driver/Src/stm32f4xx_hal_dma.o
 .debug_info    0x000049f5      0x6f9 ./Drivers/STM32F4xx_HAL_Driver/Src/stm32f4xx_hal_gpio.o
 .debug_info    0x000050ee      0xe07 ./Drivers/STM32F4xx_HAL_Driver/Src/stm32f4xx_hal_i2s.o
 .debug_info    0x00005ef5      0xab3 ./Drivers/STM32F4xx_HAL_Driver/Src/stm32f4xx_hal_i2s_ex.o
 .debug_info    0x000069a8     0x1577 ./Drivers/STM32F4xx_HAL_Driver/Src/stm32f4xx_hal_pcd.o
 .debug_info    0x00007f1f      0x6ea ./Drivers/STM32F4xx_HAL_Driver/Src/stm32f4xx_hal_pcd_ex.o
 .debug_info    0x00008609      0x904 ./Drivers/STM32F4xx_HAL_Driver/Src/stm32f4xx_hal_rcc.o
 .debug_info    0x00008f0d      0x5a1 ./Drivers/STM32F4xx_HAL_Driver/Src/stm32f4xx_hal_rcc_ex.o
 .debug_info    0x000094ae     0x1993 ./Drivers/STM32F4xx_HAL_Driver/Src/stm32f4xx_ll_usb.o
 .debug_info    0x0000ae41      0xe8c ./Middlewares/ST/STM32_USB_Device_Library/Class/AUDIO/Src/usbd_audio.o
 .debug_info    0x0000bccd      0xe12 ./Middlewares/ST/STM32_USB_Device_Library/Core/Src/usbd_core.o
 .debug_info    0x0000cadf      0xaeb ./Middlewares/ST/STM32_USB_Device_Library/Core/Src/usbd_ctlreq.o
 .debug_info    0x0000d5ca      0x762 ./Middlewares/ST/STM32_USB_Device_Library/Core/Src/usbd_ioreq.o
 .debug_info    0x0000dd2c      0x739 ./USB_DEVICE/App/usb_device.o
 .debug_info    0x0000e465      0x86f ./USB_DEVICE/App/usbd_audio_if.o
 .debug_info    0x0000ecd4      0x458 ./USB_DEVICE/App/usbd_desc.o
 .debug_info    0x0000f12c     0x1c14 ./USB_DEVICE/Target/usbd_conf.o

.debug_abbrev   0x00000000     0x348a
 .debug_abbrev  0x00000000      0x30b ./Core/Src/main.o
 .debug_abbrev  0x0000030b      0x1df ./Core/Src/stm32f4xx_hal_msp.o
 .debug_abbrev  0x000004ea      0x1bf ./Core/Src/stm32f4xx_it.o
 .debug_abbrev  0x000006a9      0x11a ./Core/Src/system_stm32f4xx.o
 .debug_abbrev  0x000007c3       0x24 ./Core/Startup/startup_stm32f411ceux.o
 .debug_abbrev  0x000007e7      0x24b ./Drivers/STM32F4xx_HAL_Driver/Src/stm32f4xx_hal.o
 .debug_abbrev  0x00000a32      0x31d ./Drivers/STM32F4xx_HAL_Driver/Src/stm32f4xx_hal_cortex.o
 .debug_abbrev  0x00000d4f      0x221 ./Drivers/STM32F4xx_HAL_Driver/Src/stm32f4xx_hal_dma.o
 .debug_abbrev  0x00000f70      0x1d3 ./Drivers/STM32F4xx_HAL_Driver/Src/stm32f4xx_hal_gpio.o
 .debug_abbrev  0x00001143      0x26c ./Drivers/STM32F4xx_HAL_Driver/Src/stm32f4xx_hal_i2s.o
 .debug_abbrev  0x000013af      0x285 ./Drivers/STM32F4xx_HAL_Driver/Src/stm32f4xx_hal_i2s_ex.o
 .debug_abbrev  0x00001634      0x2b6 ./Drivers/STM32F4xx_HAL_Driver/Src/stm32f4xx_hal_pcd.o
 .debug_abbrev  0x000018ea      0x1da ./Drivers/STM32F4xx_HAL_Driver/Src/stm32f4xx_hal_pcd_ex.o
 .debug_abbrev  0x00001ac4      0x2b6 ./Drivers/STM32F4xx_HAL_Driver/Src/stm32f4xx_hal_rcc.o
 .debug_abbrev  0x00001d7a      0x1b2 ./Drivers/STM32F4xx_HAL_Driver/Src/stm32f4xx_hal_rcc_ex.o
 .debug_abbrev  0x00001f2c      0x2b3 ./Drivers/STM32F4xx_HAL_Driver/Src/stm32f4xx_ll_usb.o
 .debug_abbrev  0x000021df      0x316 ./Middlewares/ST/STM32_USB_Device_Library/Class/AUDIO/Src/usbd_audio.o
 .debug_abbrev  0x000024f5      0x27c ./Middlewares/ST/STM32_USB_Device_Library/Core/Src/usbd_core.o
 .debug_abbrev  0x00002771      0x26f ./Middlewares/ST/STM32_USB_Device_Library/Core/Src/usbd_ctlreq.o
 .debug_abbrev  0x000029e0      0x19a ./Middlewares/ST/STM32_USB_Device_Library/Core/Src/usbd_ioreq.o
 .debug_abbrev  0x00002b7a      0x1d0 ./USB_DEVICE/App/usb_device.o
 .debug_abbrev  0x00002d4a      0x217 ./USB_DEVICE/App/usbd_audio_if.o
 .debug_abbrev  0x00002f61      0x1e1 ./USB_DEVICE/App/usbd_desc.o
 .debug_abbrev  0x00003142      0x348 ./USB_DEVICE/Target/usbd_conf.o

.debug_aranges  0x00000000      0xe20
 .debug_aranges
                0x00000000       0x58 ./Core/Src/main.o
 .debug_aranges
                0x00000058       0x30 ./Core/Src/stm32f4xx_hal_msp.o
 .debug_aranges
                0x00000088       0x70 ./Core/Src/stm32f4xx_it.o
 .debug_aranges
                0x000000f8       0x28 ./Core/Src/system_stm32f4xx.o
 .debug_aranges
                0x00000120       0x28 ./Core/Startup/startup_stm32f411ceux.o
 .debug_aranges
                0x00000148       0xf0 ./Drivers/STM32F4xx_HAL_Driver/Src/stm32f4xx_hal.o
 .debug_aranges
                0x00000238      0x130 ./Drivers/STM32F4xx_HAL_Driver/Src/stm32f4xx_hal_cortex.o
 .debug_aranges
                0x00000368       0x90 ./Drivers/STM32F4xx_HAL_Driver/Src/stm32f4xx_hal_dma.o
 .debug_aranges
                0x000003f8       0x58 ./Drivers/STM32F4xx_HAL_Driver/Src/stm32f4xx_hal_gpio.o
 .debug_aranges
                0x00000450      0x108 ./Drivers/STM32F4xx_HAL_Driver/Src/stm32f4xx_hal_i2s.o
 .debug_aranges
                0x00000558       0x88 ./Drivers/STM32F4xx_HAL_Driver/Src/stm32f4xx_hal_i2s_ex.o
 .debug_aranges
                0x000005e0      0x148 ./Drivers/STM32F4xx_HAL_Driver/Src/stm32f4xx_hal_pcd.o
 .debug_aranges
                0x00000728       0x38 ./Drivers/STM32F4xx_HAL_Driver/Src/stm32f4xx_hal_pcd_ex.o
 .debug_aranges
                0x00000760       0x88 ./Drivers/STM32F4xx_HAL_Driver/Src/stm32f4xx_hal_rcc.o
 .debug_aranges
                0x000007e8       0x50 ./Drivers/STM32F4xx_HAL_Driver/Src/stm32f4xx_hal_rcc_ex.o
 .debug_aranges
                0x00000838      0x1a0 ./Drivers/STM32F4xx_HAL_Driver/Src/stm32f4xx_ll_usb.o
 .debug_aranges
                0x000009d8       0xa0 ./Middlewares/ST/STM32_USB_Device_Library/Class/AUDIO/Src/usbd_audio.o
 .debug_aranges
                0x00000a78       0xd8 ./Middlewares/ST/STM32_USB_Device_Library/Core/Src/usbd_core.o
 .debug_aranges
                0x00000b50       0x90 ./Middlewares/ST/STM32_USB_Device_Library/Core/Src/usbd_ctlreq.o
 .debug_aranges
                0x00000be0       0x50 ./Middlewares/ST/STM32_USB_Device_Library/Core/Src/usbd_ioreq.o
 .debug_aranges
                0x00000c30       0x20 ./USB_DEVICE/App/usb_device.o
 .debug_aranges
                0x00000c50       0x60 ./USB_DEVICE/App/usbd_audio_if.o
 .debug_aranges
                0x00000cb0       0x60 ./USB_DEVICE/App/usbd_desc.o
 .debug_aranges
                0x00000d10      0x110 ./USB_DEVICE/Target/usbd_conf.o

.debug_rnglists
                0x00000000      0xa7f
 .debug_rnglists
                0x00000000       0x3e ./Core/Src/main.o
 .debug_rnglists
                0x0000003e       0x20 ./Core/Src/stm32f4xx_hal_msp.o
 .debug_rnglists
                0x0000005e       0x4f ./Core/Src/stm32f4xx_it.o
 .debug_rnglists
                0x000000ad       0x1a ./Core/Src/system_stm32f4xx.o
 .debug_rnglists
                0x000000c7       0x19 ./Core/Startup/startup_stm32f411ceux.o
 .debug_rnglists
                0x000000e0       0xaf ./Drivers/STM32F4xx_HAL_Driver/Src/stm32f4xx_hal.o
 .debug_rnglists
                0x0000018f       0xe0 ./Drivers/STM32F4xx_HAL_Driver/Src/stm32f4xx_hal_cortex.o
 .debug_rnglists
                0x0000026f       0x70 ./Drivers/STM32F4xx_HAL_Driver/Src/stm32f4xx_hal_dma.o
 .debug_rnglists
                0x000002df       0x3f ./Drivers/STM32F4xx_HAL_Driver/Src/stm32f4xx_hal_gpio.o
 .debug_rnglists
                0x0000031e       0xcc ./Drivers/STM32F4xx_HAL_Driver/Src/stm32f4xx_hal_i2s.o
 .debug_rnglists
                0x000003ea       0x6a ./Drivers/STM32F4xx_HAL_Driver/Src/stm32f4xx_hal_i2s_ex.o
 .debug_rnglists
                0x00000454       0xfa ./Drivers/STM32F4xx_HAL_Driver/Src/stm32f4xx_hal_pcd.o
 .debug_rnglists
                0x0000054e       0x26 ./Drivers/STM32F4xx_HAL_Driver/Src/stm32f4xx_hal_pcd_ex.o
 .debug_rnglists
                0x00000574       0x66 ./Drivers/STM32F4xx_HAL_Driver/Src/stm32f4xx_hal_rcc.o
 .debug_rnglists
                0x000005da       0x3c ./Drivers/STM32F4xx_HAL_Driver/Src/stm32f4xx_hal_rcc_ex.o
 .debug_rnglists
                0x00000616      0x147 ./Drivers/STM32F4xx_HAL_Driver/Src/stm32f4xx_ll_usb.o
 .debug_rnglists
                0x0000075d       0x7a ./Middlewares/ST/STM32_USB_Device_Library/Class/AUDIO/Src/usbd_audio.o
 .debug_rnglists
                0x000007d7       0xa1 ./Middlewares/ST/STM32_USB_Device_Library/Core/Src/usbd_core.o
 .debug_rnglists
                0x00000878       0x6e ./Middlewares/ST/STM32_USB_Device_Library/Core/Src/usbd_ctlreq.o
 .debug_rnglists
                0x000008e6       0x37 ./Middlewares/ST/STM32_USB_Device_Library/Core/Src/usbd_ioreq.o
 .debug_rnglists
                0x0000091d       0x13 ./USB_DEVICE/App/usb_device.o
 .debug_rnglists
                0x00000930       0x43 ./USB_DEVICE/App/usbd_audio_if.o
 .debug_rnglists
                0x00000973       0x43 ./USB_DEVICE/App/usbd_desc.o
 .debug_rnglists
                0x000009b6       0xc9 ./USB_DEVICE/Target/usbd_conf.o

.debug_macro    0x00000000    0x1886a
 .debug_macro   0x00000000      0x3a0 ./Core/Src/main.o
 .debug_macro   0x000003a0      0xad8 ./Core/Src/main.o
 .debug_macro   0x00000e78      0x29b ./Core/Src/main.o
 .debug_macro   0x00001113       0x2e ./Core/Src/main.o
 .debug_macro   0x00001141       0x28 ./Core/Src/main.o
 .debug_macro   0x00001169       0x22 ./Core/Src/main.o
 .debug_macro   0x0000118b       0x8e ./Core/Src/main.o
 .debug_macro   0x00001219       0x51 ./Core/Src/main.o
 .debug_macro   0x0000126a      0x103 ./Core/Src/main.o
 .debug_macro   0x0000136d       0x6a ./Core/Src/main.o
 .debug_macro   0x000013d7      0x1df ./Core/Src/main.o
 .debug_macro   0x000015b6       0x1c ./Core/Src/main.o
 .debug_macro   0x000015d2       0x22 ./Core/Src/main.o
 .debug_macro   0x000015f4       0xfb ./Core/Src/main.o
 .debug_macro   0x000016ef     0x1011 ./Core/Src/main.o
 .debug_macro   0x00002700      0x11f ./Core/Src/main.o
 .debug_macro   0x0000281f     0xb968 ./Core/Src/main.o
 .debug_macro   0x0000e187       0x6d ./Core/Src/main.o
 .debug_macro   0x0000e1f4     0x3693 ./Core/Src/main.o
 .debug_macro   0x00011887      0x190 ./Core/Src/main.o
 .debug_macro   0x00011a17       0x5c ./Core/Src/main.o
 .debug_macro   0x00011a73      0x45c ./Core/Src/main.o
 .debug_macro   0x00011ecf      0x9e9 ./Core/Src/main.o
 .debug_macro   0x000128b8      0x115 ./Core/Src/main.o
 .debug_macro   0x000129cd      0x11b ./Core/Src/main.o
 .debug_macro   0x00012ae8       0xa5 ./Core/Src/main.o
 .debug_macro   0x00012b8d      0x15f ./Core/Src/main.o
 .debug_macro   0x00012cec      0x287 ./Core/Src/main.o
 .debug_macro   0x00012f73       0x5f ./Core/Src/main.o
 .debug_macro   0x00012fd2      0x236 ./Core/Src/main.o
 .debug_macro   0x00013208      0x132 ./Core/Src/main.o
 .debug_macro   0x0001333a      0x264 ./Core/Src/main.o
 .debug_macro   0x0001359e       0x2e ./Core/Src/main.o
 .debug_macro   0x000135cc      0x1a7 ./Core/Src/main.o
 .debug_macro   0x00013773       0x46 ./Core/Src/main.o
 .debug_macro   0x000137b9       0x4a ./Core/Src/main.o
 .debug_macro   0x00013803      0x127 ./Core/Src/main.o
 .debug_macro   0x0001392a       0x85 ./Core/Src/main.o
 .debug_macro   0x000139af       0x89 ./Core/Src/main.o
 .debug_macro   0x00013a38      0x293 ./Core/Src/main.o
 .debug_macro   0x00013ccb       0xba ./Core/Src/main.o
 .debug_macro   0x00013d85      0x126 ./Core/Src/main.o
 .debug_macro   0x00013eab       0x61 ./Core/Src/main.o
 .debug_macro   0x00013f0c       0x2a ./Core/Src/main.o
 .debug_macro   0x00013f36       0x43 ./Core/Src/main.o
 .debug_macro   0x00013f79       0x34 ./Core/Src/main.o
 .debug_macro   0x00013fad       0x16 ./Core/Src/main.o
 .debug_macro   0x00013fc3       0x3c ./Core/Src/main.o
 .debug_macro   0x00013fff      0x364 ./Core/Src/main.o
 .debug_macro   0x00014363       0x10 ./Core/Src/main.o
 .debug_macro   0x00014373       0x16 ./Core/Src/main.o
 .debug_macro   0x00014389       0x4a ./Core/Src/main.o
 .debug_macro   0x000143d3       0x34 ./Core/Src/main.o
 .debug_macro   0x00014407       0x10 ./Core/Src/main.o
 .debug_macro   0x00014417       0x58 ./Core/Src/main.o
 .debug_macro   0x0001446f       0x8e ./Core/Src/main.o
 .debug_macro   0x000144fd       0x1c ./Core/Src/main.o
 .debug_macro   0x00014519      0x17e ./Core/Src/main.o
 .debug_macro   0x00014697       0x16 ./Core/Src/main.o
 .debug_macro   0x000146ad       0x16 ./Core/Src/main.o
 .debug_macro   0x000146c3      0x146 ./Core/Src/main.o
 .debug_macro   0x00014809       0x16 ./Core/Src/main.o
 .debug_macro   0x0001481f       0x16 ./Core/Src/main.o
 .debug_macro   0x00014835       0x29 ./Core/Src/main.o
 .debug_macro   0x0001485e       0x16 ./Core/Src/main.o
 .debug_macro   0x00014874       0x20 ./Core/Src/main.o
 .debug_macro   0x00014894       0x6b ./Core/Src/main.o
 .debug_macro   0x000148ff      0x20f ./Core/Src/main.o
 .debug_macro   0x00014b0e       0xe9 ./Core/Src/main.o
 .debug_macro   0x00014bf7      0x1f7 ./Core/Src/stm32f4xx_hal_msp.o
 .debug_macro   0x00014dee      0x201 ./Core/Src/stm32f4xx_it.o
 .debug_macro   0x00014fef      0x1ed ./Core/Src/system_stm32f4xx.o
 .debug_macro   0x000151dc      0x24d ./Drivers/STM32F4xx_HAL_Driver/Src/stm32f4xx_hal.o
 .debug_macro   0x00015429      0x1ed ./Drivers/STM32F4xx_HAL_Driver/Src/stm32f4xx_hal_cortex.o
 .debug_macro   0x00015616      0x1f3 ./Drivers/STM32F4xx_HAL_Driver/Src/stm32f4xx_hal_dma.o
 .debug_macro   0x00015809      0x1f3 ./Drivers/STM32F4xx_HAL_Driver/Src/stm32f4xx_hal_gpio.o
 .debug_macro   0x000159fc      0x1f5 ./Drivers/STM32F4xx_HAL_Driver/Src/stm32f4xx_hal_i2s.o
 .debug_macro   0x00015bf1      0x1ed ./Drivers/STM32F4xx_HAL_Driver/Src/stm32f4xx_hal_i2s_ex.o
 .debug_macro   0x00015dde      0x1f9 ./Drivers/STM32F4xx_HAL_Driver/Src/stm32f4xx_hal_pcd.o
 .debug_macro   0x00015fd7      0x1ed ./Drivers/STM32F4xx_HAL_Driver/Src/stm32f4xx_hal_pcd_ex.o
 .debug_macro   0x000161c4      0x211 ./Drivers/STM32F4xx_HAL_Driver/Src/stm32f4xx_hal_rcc.o
 .debug_macro   0x000163d5      0x1ed ./Drivers/STM32F4xx_HAL_Driver/Src/stm32f4xx_hal_rcc_ex.o
 .debug_macro   0x000165c2      0x1ed ./Drivers/STM32F4xx_HAL_Driver/Src/stm32f4xx_ll_usb.o
 .debug_macro   0x000167af      0x392 ./Middlewares/ST/STM32_USB_Device_Library/Class/AUDIO/Src/usbd_audio.o
 .debug_macro   0x00016b41       0x9e ./Middlewares/ST/STM32_USB_Device_Library/Class/AUDIO/Src/usbd_audio.o
 .debug_macro   0x00016bdf      0x112 ./Middlewares/ST/STM32_USB_Device_Library/Class/AUDIO/Src/usbd_audio.o
 .debug_macro   0x00016cf1       0x56 ./Middlewares/ST/STM32_USB_Device_Library/Class/AUDIO/Src/usbd_audio.o
 .debug_macro   0x00016d47      0x36d ./Middlewares/ST/STM32_USB_Device_Library/Core/Src/usbd_core.o
 .debug_macro   0x000170b4      0x215 ./Middlewares/ST/STM32_USB_Device_Library/Core/Src/usbd_core.o
 .debug_macro   0x000172c9      0x377 ./Middlewares/ST/STM32_USB_Device_Library/Core/Src/usbd_ctlreq.o
 .debug_macro   0x00017640      0x373 ./Middlewares/ST/STM32_USB_Device_Library/Core/Src/usbd_ioreq.o
 .debug_macro   0x000179b3      0x3ad ./USB_DEVICE/App/usb_device.o
 .debug_macro   0x00017d60       0x22 ./USB_DEVICE/App/usb_device.o
 .debug_macro   0x00017d82      0x38c ./USB_DEVICE/App/usbd_audio_if.o
 .debug_macro   0x0001810e      0x3b0 ./USB_DEVICE/App/usbd_desc.o
 .debug_macro   0x000184be       0x1c ./USB_DEVICE/App/usbd_desc.o
 .debug_macro   0x000184da      0x390 ./USB_DEVICE/Target/usbd_conf.o

.debug_line     0x00000000    0x1291d
 .debug_line    0x00000000      0xabb ./Core/Src/main.o
 .debug_line    0x00000abb      0x750 ./Core/Src/stm32f4xx_hal_msp.o
 .debug_line    0x0000120b      0x79d ./Core/Src/stm32f4xx_it.o
 .debug_line    0x000019a8      0x734 ./Core/Src/system_stm32f4xx.o
 .debug_line    0x000020dc       0x7a ./Core/Startup/startup_stm32f411ceux.o
 .debug_line    0x00002156      0x9b3 ./Drivers/STM32F4xx_HAL_Driver/Src/stm32f4xx_hal.o
 .debug_line    0x00002b09      0xc80 ./Drivers/STM32F4xx_HAL_Driver/Src/stm32f4xx_hal_cortex.o
 .debug_line    0x00003789      0xf1c ./Drivers/STM32F4xx_HAL_Driver/Src/stm32f4xx_hal_dma.o
 .debug_line    0x000046a5      0xac9 ./Drivers/STM32F4xx_HAL_Driver/Src/stm32f4xx_hal_gpio.o
 .debug_line    0x0000516e     0x1308 ./Drivers/STM32F4xx_HAL_Driver/Src/stm32f4xx_hal_i2s.o
 .debug_line    0x00006476     0x1208 ./Drivers/STM32F4xx_HAL_Driver/Src/stm32f4xx_hal_i2s_ex.o
 .debug_line    0x0000767e     0x13f9 ./Drivers/STM32F4xx_HAL_Driver/Src/stm32f4xx_hal_pcd.o
 .debug_line    0x00008a77      0x779 ./Drivers/STM32F4xx_HAL_Driver/Src/stm32f4xx_hal_pcd_ex.o
 .debug_line    0x000091f0      0xdbd ./Drivers/STM32F4xx_HAL_Driver/Src/stm32f4xx_hal_rcc.o
 .debug_line    0x00009fad      0xa67 ./Drivers/STM32F4xx_HAL_Driver/Src/stm32f4xx_hal_rcc_ex.o
 .debug_line    0x0000aa14     0x1c8e ./Drivers/STM32F4xx_HAL_Driver/Src/stm32f4xx_ll_usb.o
 .debug_line    0x0000c6a2      0xe0e ./Middlewares/ST/STM32_USB_Device_Library/Class/AUDIO/Src/usbd_audio.o
 .debug_line    0x0000d4b0      0xec6 ./Middlewares/ST/STM32_USB_Device_Library/Core/Src/usbd_core.o
 .debug_line    0x0000e376     0x1088 ./Middlewares/ST/STM32_USB_Device_Library/Core/Src/usbd_ctlreq.o
 .debug_line    0x0000f3fe      0x9cd ./Middlewares/ST/STM32_USB_Device_Library/Core/Src/usbd_ioreq.o
 .debug_line    0x0000fdcb      0x999 ./USB_DEVICE/App/usb_device.o
 .debug_line    0x00010764      0xa13 ./USB_DEVICE/App/usbd_audio_if.o
 .debug_line    0x00011177      0xa3c ./USB_DEVICE/App/usbd_desc.o
 .debug_line    0x00011bb3      0xd6a ./USB_DEVICE/Target/usbd_conf.o

.debug_str      0x00000000    0x8987f
 .debug_str     0x00000000    0x8987f ./Core/Src/main.o
                              0x86348 (size before relaxing)
 .debug_str     0x0008987f    0x812b2 ./Core/Src/stm32f4xx_hal_msp.o
 .debug_str     0x0008987f    0x81284 ./Core/Src/stm32f4xx_it.o
 .debug_str     0x0008987f    0x80d54 ./Core/Src/system_stm32f4xx.o
 .debug_str     0x0008987f       0x7e ./Core/Startup/startup_stm32f411ceux.o
 .debug_str     0x0008987f    0x81780 ./Drivers/STM32F4xx_HAL_Driver/Src/stm32f4xx_hal.o
 .debug_str     0x0008987f    0x814ea ./Drivers/STM32F4xx_HAL_Driver/Src/stm32f4xx_hal_cortex.o
 .debug_str     0x0008987f    0x8115c ./Drivers/STM32F4xx_HAL_Driver/Src/stm32f4xx_hal_dma.o
 .debug_str     0x0008987f    0x80ecf ./Drivers/STM32F4xx_HAL_Driver/Src/stm32f4xx_hal_gpio.o
 .debug_str     0x0008987f    0x81333 ./Drivers/STM32F4xx_HAL_Driver/Src/stm32f4xx_hal_i2s.o
 .debug_str     0x0008987f    0x81235 ./Drivers/STM32F4xx_HAL_Driver/Src/stm32f4xx_hal_i2s_ex.o
 .debug_str     0x0008987f    0x81820 ./Drivers/STM32F4xx_HAL_Driver/Src/stm32f4xx_hal_pcd.o
 .debug_str     0x0008987f    0x81110 ./Drivers/STM32F4xx_HAL_Driver/Src/stm32f4xx_hal_pcd_ex.o
 .debug_str     0x0008987f    0x81188 ./Drivers/STM32F4xx_HAL_Driver/Src/stm32f4xx_hal_rcc.o
 .debug_str     0x0008987f    0x80edc ./Drivers/STM32F4xx_HAL_Driver/Src/stm32f4xx_hal_rcc_ex.o
 .debug_str     0x0008987f    0x816fb ./Drivers/STM32F4xx_HAL_Driver/Src/stm32f4xx_ll_usb.o
 .debug_str     0x0008987f    0x85d79 ./Middlewares/ST/STM32_USB_Device_Library/Class/AUDIO/Src/usbd_audio.o
 .debug_str     0x0008987f    0x856b8 ./Middlewares/ST/STM32_USB_Device_Library/Core/Src/usbd_core.o
 .debug_str     0x0008987f    0x854e3 ./Middlewares/ST/STM32_USB_Device_Library/Core/Src/usbd_ctlreq.o
 .debug_str     0x0008987f    0x853b8 ./Middlewares/ST/STM32_USB_Device_Library/Core/Src/usbd_ioreq.o
 .debug_str     0x0008987f    0x8592d ./USB_DEVICE/App/usb_device.o
 .debug_str     0x0008987f    0x85986 ./USB_DEVICE/App/usbd_audio_if.o
 .debug_str     0x0008987f    0x852b0 ./USB_DEVICE/App/usbd_desc.o
 .debug_str     0x0008987f    0x8664d ./USB_DEVICE/Target/usbd_conf.o

.comment        0x00000000       0x43
 .comment       0x00000000       0x43 ./Core/Src/main.o
                                 0x44 (size before relaxing)
 .comment       0x00000043       0x44 ./Core/Src/stm32f4xx_hal_msp.o
 .comment       0x00000043       0x44 ./Core/Src/stm32f4xx_it.o
 .comment       0x00000043       0x44 ./Core/Src/system_stm32f4xx.o
 .comment       0x00000043       0x44 ./Drivers/STM32F4xx_HAL_Driver/Src/stm32f4xx_hal.o
 .comment       0x00000043       0x44 ./Drivers/STM32F4xx_HAL_Driver/Src/stm32f4xx_hal_cortex.o
 .comment       0x00000043       0x44 ./Drivers/STM32F4xx_HAL_Driver/Src/stm32f4xx_hal_dma.o
 .comment       0x00000043       0x44 ./Drivers/STM32F4xx_HAL_Driver/Src/stm32f4xx_hal_gpio.o
 .comment       0x00000043       0x44 ./Drivers/STM32F4xx_HAL_Driver/Src/stm32f4xx_hal_i2s.o
 .comment       0x00000043       0x44 ./Drivers/STM32F4xx_HAL_Driver/Src/stm32f4xx_hal_i2s_ex.o
 .comment       0x00000043       0x44 ./Drivers/STM32F4xx_HAL_Driver/Src/stm32f4xx_hal_pcd.o
 .comment       0x00000043       0x44 ./Drivers/STM32F4xx_HAL_Driver/Src/stm32f4xx_hal_pcd_ex.o
 .comment       0x00000043       0x44 ./Drivers/STM32F4xx_HAL_Driver/Src/stm32f4xx_hal_rcc.o
 .comment       0x00000043       0x44 ./Drivers/STM32F4xx_HAL_Driver/Src/stm32f4xx_hal_rcc_ex.o
 .comment       0x00000043       0x44 ./Drivers/STM32F4xx_HAL_Driver/Src/stm32f4xx_ll_usb.o
 .comment       0x00000043       0x44 ./Middlewares/ST/STM32_USB_Device_Library/Class/AUDIO/Src/usbd_audio.o
 .comment       0x00000043       0x44 ./Middlewares/ST/STM32_USB_Device_Library/Core/Src/usbd_core.o
 .comment       0x00000043       0x44 ./Middlewares/ST/STM32_USB_Device_Library/Core/Src/usbd_ctlreq.o
 .comment       0x00000043       0x44 ./Middlewares/ST/STM32_USB_Device_Library/Core/Src/usbd_ioreq.o
 .comment       0x00000043       0x44 ./USB_DEVICE/App/usb_device.o
 .comment       0x00000043       0x44 ./USB_DEVICE/App/usbd_audio_if.o
 .comment       0x00000043       0x44 ./USB_DEVICE/App/usbd_desc.o
 .comment       0x00000043       0x44 ./USB_DEVICE/Target/usbd_conf.o

.debug_frame    0x00000000     0x35bc
 .debug_frame   0x00000000      0x114 ./Core/Src/main.o
 .debug_frame   0x00000114       0x7c ./Core/Src/stm32f4xx_hal_msp.o
 .debug_frame   0x00000190      0x130 ./Core/Src/stm32f4xx_it.o
 .debug_frame   0x000002c0       0x50 ./Core/Src/system_stm32f4xx.o
 .debug_frame   0x00000310      0x31c ./Drivers/STM32F4xx_HAL_Driver/Src/stm32f4xx_hal.o
 .debug_frame   0x0000062c      0x4b8 ./Drivers/STM32F4xx_HAL_Driver/Src/stm32f4xx_hal_cortex.o
 .debug_frame   0x00000ae4      0x230 ./Drivers/STM32F4xx_HAL_Driver/Src/stm32f4xx_hal_dma.o
 .debug_frame   0x00000d14      0x130 ./Drivers/STM32F4xx_HAL_Driver/Src/stm32f4xx_hal_gpio.o
 .debug_frame   0x00000e44      0x450 ./Drivers/STM32F4xx_HAL_Driver/Src/stm32f4xx_hal_i2s.o
 .debug_frame   0x00001294      0x214 ./Drivers/STM32F4xx_HAL_Driver/Src/stm32f4xx_hal_i2s_ex.o
 .debug_frame   0x000014a8      0x574 ./Drivers/STM32F4xx_HAL_Driver/Src/stm32f4xx_hal_pcd.o
 .debug_frame   0x00001a1c       0xa0 ./Drivers/STM32F4xx_HAL_Driver/Src/stm32f4xx_hal_pcd_ex.o
 .debug_frame   0x00001abc      0x1d8 ./Drivers/STM32F4xx_HAL_Driver/Src/stm32f4xx_hal_rcc.o
 .debug_frame   0x00001c94      0x10c ./Drivers/STM32F4xx_HAL_Driver/Src/stm32f4xx_hal_rcc_ex.o
 .debug_frame   0x00001da0      0x724 ./Drivers/STM32F4xx_HAL_Driver/Src/stm32f4xx_ll_usb.o
 .debug_frame   0x000024c4      0x274 ./Middlewares/ST/STM32_USB_Device_Library/Class/AUDIO/Src/usbd_audio.o
 .debug_frame   0x00002738      0x370 ./Middlewares/ST/STM32_USB_Device_Library/Core/Src/usbd_core.o
 .debug_frame   0x00002aa8      0x234 ./Middlewares/ST/STM32_USB_Device_Library/Core/Src/usbd_ctlreq.o
 .debug_frame   0x00002cdc      0x10c ./Middlewares/ST/STM32_USB_Device_Library/Core/Src/usbd_ioreq.o
 .debug_frame   0x00002de8       0x2c ./USB_DEVICE/App/usb_device.o
 .debug_frame   0x00002e14      0x13c ./USB_DEVICE/App/usbd_audio_if.o
 .debug_frame   0x00002f50      0x154 ./USB_DEVICE/App/usbd_desc.o
 .debug_frame   0x000030a4      0x46c ./USB_DEVICE/Target/usbd_conf.o
 .debug_frame   0x00003510       0x20 /opt/st/stm32cubeide_2.1.1/plugins/com.st.stm32cube.ide.mcu.externaltools.gnu-tools-for-stm32.14.3.rel1.linux64_1.0.100.202602081740/tools/bin/../lib/gcc/arm-none-eabi/14.3.1/../../../../arm-none-eabi/lib/thumb/v7e-m+fp/hard/libc_nano.a(libc_a-memset.o)
 .debug_frame   0x00003530       0x2c /opt/st/stm32cubeide_2.1.1/plugins/com.st.stm32cube.ide.mcu.externaltools.gnu-tools-for-stm32.14.3.rel1.linux64_1.0.100.202602081740/tools/bin/../lib/gcc/arm-none-eabi/14.3.1/../../../../arm-none-eabi/lib/thumb/v7e-m+fp/hard/libc_nano.a(libc_a-init.o)
 .debug_frame   0x0000355c       0x2c /opt/st/stm32cubeide_2.1.1/plugins/com.st.stm32cube.ide.mcu.externaltools.gnu-tools-for-stm32.14.3.rel1.linux64_1.0.100.202602081740/tools/bin/../lib/gcc/arm-none-eabi/14.3.1/thumb/v7e-m+fp/hard/libgcc.a(_aeabi_uldivmod.o)
 .debug_frame   0x00003588       0x34 /opt/st/stm32cubeide_2.1.1/plugins/com.st.stm32cube.ide.mcu.externaltools.gnu-tools-for-stm32.14.3.rel1.linux64_1.0.100.202602081740/tools/bin/../lib/gcc/arm-none-eabi/14.3.1/thumb/v7e-m+fp/hard/libgcc.a(_udivmoddi4.o)

.debug_line_str
                0x00000000       0x62
 .debug_line_str
                0x00000000       0x62 ./Core/Startup/startup_stm32f411ceux.o
